Archive member included to satisfy reference by file (symbol)

/Applications/Ac6/SystemWorkbench.app/Contents/Eclipse/plugins/fr.ac6.mcu.externaltools.arm-none.macos64_1.15.0.201708311556/tools/compiler/bin/../lib/gcc/arm-none-eabi/6.3.1/../../../../arm-none-eabi/lib/thumb/v7e-m/fpv4-sp/hard/libm.a(lib_a-s_trunc.o)
                              DataLog/User/datalog_application.o (trunc)
/Applications/Ac6/SystemWorkbench.app/Contents/Eclipse/plugins/fr.ac6.mcu.externaltools.arm-none.macos64_1.15.0.201708311556/tools/compiler/bin/../lib/gcc/arm-none-eabi/6.3.1/../../../../arm-none-eabi/lib/thumb/v7e-m/fpv4-sp/hard/libm.a(lib_a-w_acos.o)
                              DataLog/User/datalog_application.o (acos)
/Applications/Ac6/SystemWorkbench.app/Contents/Eclipse/plugins/fr.ac6.mcu.externaltools.arm-none.macos64_1.15.0.201708311556/tools/compiler/bin/../lib/gcc/arm-none-eabi/6.3.1/../../../../arm-none-eabi/lib/thumb/v7e-m/fpv4-sp/hard/libm.a(lib_a-w_atan2.o)
                              DataLog/User/datalog_application.o (atan2)
/Applications/Ac6/SystemWorkbench.app/Contents/Eclipse/plugins/fr.ac6.mcu.externaltools.arm-none.macos64_1.15.0.201708311556/tools/compiler/bin/../lib/gcc/arm-none-eabi/6.3.1/../../../../arm-none-eabi/lib/thumb/v7e-m/fpv4-sp/hard/libm.a(lib_a-w_pow.o)
                              DataLog/User/datalog_application.o (pow)
/Applications/Ac6/SystemWorkbench.app/Contents/Eclipse/plugins/fr.ac6.mcu.externaltools.arm-none.macos64_1.15.0.201708311556/tools/compiler/bin/../lib/gcc/arm-none-eabi/6.3.1/../../../../arm-none-eabi/lib/thumb/v7e-m/fpv4-sp/hard/libm.a(lib_a-w_sqrt.o)
                              DataLog/User/datalog_application.o (sqrt)
/Applications/Ac6/SystemWorkbench.app/Contents/Eclipse/plugins/fr.ac6.mcu.externaltools.arm-none.macos64_1.15.0.201708311556/tools/compiler/bin/../lib/gcc/arm-none-eabi/6.3.1/../../../../arm-none-eabi/lib/thumb/v7e-m/fpv4-sp/hard/libm.a(lib_a-e_acos.o)
                              /Applications/Ac6/SystemWorkbench.app/Contents/Eclipse/plugins/fr.ac6.mcu.externaltools.arm-none.macos64_1.15.0.201708311556/tools/compiler/bin/../lib/gcc/arm-none-eabi/6.3.1/../../../../arm-none-eabi/lib/thumb/v7e-m/fpv4-sp/hard/libm.a(lib_a-w_acos.o) (__ieee754_acos)
/Applications/Ac6/SystemWorkbench.app/Contents/Eclipse/plugins/fr.ac6.mcu.externaltools.arm-none.macos64_1.15.0.201708311556/tools/compiler/bin/../lib/gcc/arm-none-eabi/6.3.1/../../../../arm-none-eabi/lib/thumb/v7e-m/fpv4-sp/hard/libm.a(lib_a-e_atan2.o)
                              /Applications/Ac6/SystemWorkbench.app/Contents/Eclipse/plugins/fr.ac6.mcu.externaltools.arm-none.macos64_1.15.0.201708311556/tools/compiler/bin/../lib/gcc/arm-none-eabi/6.3.1/../../../../arm-none-eabi/lib/thumb/v7e-m/fpv4-sp/hard/libm.a(lib_a-w_atan2.o) (__ieee754_atan2)
/Applications/Ac6/SystemWorkbench.app/Contents/Eclipse/plugins/fr.ac6.mcu.externaltools.arm-none.macos64_1.15.0.201708311556/tools/compiler/bin/../lib/gcc/arm-none-eabi/6.3.1/../../../../arm-none-eabi/lib/thumb/v7e-m/fpv4-sp/hard/libm.a(lib_a-e_pow.o)
                              /Applications/Ac6/SystemWorkbench.app/Contents/Eclipse/plugins/fr.ac6.mcu.externaltools.arm-none.macos64_1.15.0.201708311556/tools/compiler/bin/../lib/gcc/arm-none-eabi/6.3.1/../../../../arm-none-eabi/lib/thumb/v7e-m/fpv4-sp/hard/libm.a(lib_a-w_pow.o) (__ieee754_pow)
/Applications/Ac6/SystemWorkbench.app/Contents/Eclipse/plugins/fr.ac6.mcu.externaltools.arm-none.macos64_1.15.0.201708311556/tools/compiler/bin/../lib/gcc/arm-none-eabi/6.3.1/../../../../arm-none-eabi/lib/thumb/v7e-m/fpv4-sp/hard/libm.a(lib_a-e_sqrt.o)
                              /Applications/Ac6/SystemWorkbench.app/Contents/Eclipse/plugins/fr.ac6.mcu.externaltools.arm-none.macos64_1.15.0.201708311556/tools/compiler/bin/../lib/gcc/arm-none-eabi/6.3.1/../../../../arm-none-eabi/lib/thumb/v7e-m/fpv4-sp/hard/libm.a(lib_a-w_sqrt.o) (__ieee754_sqrt)
/Applications/Ac6/SystemWorkbench.app/Contents/Eclipse/plugins/fr.ac6.mcu.externaltools.arm-none.macos64_1.15.0.201708311556/tools/compiler/bin/../lib/gcc/arm-none-eabi/6.3.1/../../../../arm-none-eabi/lib/thumb/v7e-m/fpv4-sp/hard/libm.a(lib_a-s_atan.o)
                              /Applications/Ac6/SystemWorkbench.app/Contents/Eclipse/plugins/fr.ac6.mcu.externaltools.arm-none.macos64_1.15.0.201708311556/tools/compiler/bin/../lib/gcc/arm-none-eabi/6.3.1/../../../../arm-none-eabi/lib/thumb/v7e-m/fpv4-sp/hard/libm.a(lib_a-e_atan2.o) (atan)
/Applications/Ac6/SystemWorkbench.app/Contents/Eclipse/plugins/fr.ac6.mcu.externaltools.arm-none.macos64_1.15.0.201708311556/tools/compiler/bin/../lib/gcc/arm-none-eabi/6.3.1/../../../../arm-none-eabi/lib/thumb/v7e-m/fpv4-sp/hard/libm.a(lib_a-s_fabs.o)
                              /Applications/Ac6/SystemWorkbench.app/Contents/Eclipse/plugins/fr.ac6.mcu.externaltools.arm-none.macos64_1.15.0.201708311556/tools/compiler/bin/../lib/gcc/arm-none-eabi/6.3.1/../../../../arm-none-eabi/lib/thumb/v7e-m/fpv4-sp/hard/libm.a(lib_a-w_acos.o) (fabs)
[...]
Memory Configuration

Name             Origin             Length             Attributes
FLASH            0x0000000008004000 0x0000000000040000 xr
RAM              0x0000000020000000 0x0000000000018000 xrw
SRAM2            0x0000000010000000 0x0000000000008000 xrw
*default*        0x0000000000000000 0xffffffffffffffff

Linker script and memory map

LOAD /Applications/Ac6/SystemWorkbench.app/Contents/Eclipse/plugins/fr.ac6.mcu.externaltools.arm-none.macos64_1.15.0.201708311556/tools/compiler/bin/../lib/gcc/arm-none-eabi/6.3.1/thumb/v7e-m/fpv4-sp/hard/crti.o
LOAD /Applications/Ac6/SystemWorkbench.app/Contents/Eclipse/plugins/fr.ac6.mcu.externaltools.arm-none.macos64_1.15.0.201708311556/tools/compiler/bin/../lib/gcc/arm-none-eabi/6.3.1/thumb/v7e-m/fpv4-sp/hard/crtbegin.o
LOAD /Applications/Ac6/SystemWorkbench.app/Contents/Eclipse/plugins/fr.ac6.mcu.externaltools.arm-none.macos64_1.15.0.201708311556/tools/compiler/bin/../lib/gcc/arm-none-eabi/6.3.1/../../../../arm-none-eabi/lib/thumb/v7e-m/fpv4-sp/hard/crt0.o
LOAD DataLog/SW4STM32/startup_stm32l476xx.o
LOAD DataLog/User/cube_hal_l4.o
LOAD DataLog/User/datalog_application.o
LOAD DataLog/User/main.o
LOAD DataLog/User/stm32l4xx_hal_msp.o
LOAD DataLog/User/stm32l4xx_it.o
LOAD DataLog/User/syscalls.o
LOAD DataLog/User/usbd_cdc_interface.o
LOAD DataLog/User/usbd_conf.o
LOAD DataLog/User/usbd_desc.o
LOAD Drivers/BSP/Components/HTS221_Driver.o
LOAD Drivers/BSP/Components/HTS221_Driver_HL.o
LOAD Drivers/BSP/Components/LPS22HB_Driver.o
LOAD Drivers/BSP/Components/LPS22HB_Driver_HL.o
LOAD Drivers/BSP/Components/LSM303AGR_ACC_driver.o
LOAD Drivers/BSP/Components/LSM303AGR_ACC_driver_HL.o
LOAD Drivers/BSP/Components/LSM303AGR_MAG_driver.o
LOAD Drivers/BSP/Components/LSM303AGR_MAG_driver_HL.o
LOAD Drivers/BSP/Components/LSM6DSM_ACC_GYRO_driver.o
LOAD Drivers/BSP/Components/LSM6DSM_ACC_GYRO_driver_HL.o
LOAD Drivers/BSP/Components/STC3115_Driver.o
LOAD Drivers/BSP/SensorTile/SensorTile.o
LOAD Drivers/BSP/SensorTile/SensorTile_accelero.o
LOAD Drivers/BSP/SensorTile/SensorTile_gg.o
LOAD Drivers/BSP/SensorTile/SensorTile_gyro.o
LOAD Drivers/BSP/SensorTile/SensorTile_humidity.o
LOAD Drivers/BSP/SensorTile/SensorTile_magneto.o
LOAD Drivers/BSP/SensorTile/SensorTile_pressure.o
LOAD Drivers/BSP/SensorTile/SensorTile_sd.o
LOAD Drivers/BSP/SensorTile/SensorTile_temperature.o
LOAD Drivers/CMSIS/system_stm32l4xx.o
LOAD Drivers/STM32L4xx_HAL_Driver/stm32l4xx_hal.o
LOAD Drivers/STM32L4xx_HAL_Driver/stm32l4xx_hal_cortex.o
LOAD Drivers/STM32L4xx_HAL_Driver/stm32l4xx_hal_dma.o
LOAD Drivers/STM32L4xx_HAL_Driver/stm32l4xx_hal_gpio.o
LOAD Drivers/STM32L4xx_HAL_Driver/stm32l4xx_hal_i2c.o
LOAD Drivers/STM32L4xx_HAL_Driver/stm32l4xx_hal_i2c_ex.o
LOAD Drivers/STM32L4xx_HAL_Driver/stm32l4xx_hal_pcd.o
LOAD Drivers/STM32L4xx_HAL_Driver/stm32l4xx_hal_pcd_ex.o
LOAD Drivers/STM32L4xx_HAL_Driver/stm32l4xx_hal_pwr.o
LOAD Drivers/STM32L4xx_HAL_Driver/stm32l4xx_hal_pwr_ex.o
LOAD Drivers/STM32L4xx_HAL_Driver/stm32l4xx_hal_rcc.o
LOAD Drivers/STM32L4xx_HAL_Driver/stm32l4xx_hal_rcc_ex.o
LOAD Drivers/STM32L4xx_HAL_Driver/stm32l4xx_hal_rtc.o
LOAD Drivers/STM32L4xx_HAL_Driver/stm32l4xx_hal_rtc_ex.o
LOAD Drivers/STM32L4xx_HAL_Driver/stm32l4xx_hal_spi.o
LOAD Drivers/STM32L4xx_HAL_Driver/stm32l4xx_hal_spi_ex.o
LOAD Drivers/STM32L4xx_HAL_Driver/stm32l4xx_hal_tim.o
LOAD Drivers/STM32L4xx_HAL_Driver/stm32l4xx_hal_tim_ex.o
LOAD Drivers/STM32L4xx_HAL_Driver/stm32l4xx_ll_usb.o
LOAD Middlewares/FatFs/diskio.o
LOAD Middlewares/FatFs/ff.o
LOAD Middlewares/FatFs/ff_gen_drv.o
LOAD Middlewares/FatFs/sd_diskio.o
LOAD Middlewares/FatFs/syscall.o
LOAD Middlewares/FatFs/unicode.o
LOAD Middlewares/STM32_USBD_Library/Class/usbd_cdc.o
LOAD Middlewares/STM32_USBD_Library/Core/usbd_core.o
LOAD Middlewares/STM32_USBD_Library/Core/usbd_ctlreq.o
LOAD Middlewares/STM32_USBD_Library/Core/usbd_ioreq.o
LOAD /Applications/Ac6/SystemWorkbench.app/Contents/Eclipse/plugins/fr.ac6.mcu.externaltools.arm-none.macos64_1.15.0.201708311556/tools/compiler/bin/../lib/gcc/arm-none-eabi/6.3.1/../../../../arm-none-eabi/lib/thumb/v7e-m/fpv4-sp/hard/libm.a
START GROUP
LOAD /Applications/Ac6/SystemWorkbench.app/Contents/Eclipse/plugins/fr.ac6.mcu.externaltools.arm-none.macos64_1.15.0.201708311556/tools/compiler/bin/../lib/gcc/arm-none-eabi/6.3.1/thumb/v7e-m/fpv4-sp/hard/libgcc.a
LOAD /Applications/Ac6/SystemWorkbench.app/Contents/Eclipse/plugins/fr.ac6.mcu.externaltools.arm-none.macos64_1.15.0.201708311556/tools/compiler/bin/../lib/gcc/arm-none-eabi/6.3.1/../../../../arm-none-eabi/lib/thumb/v7e-m/fpv4-sp/hard/libc_nano.a
END GROUP
START GROUP
LOAD /Applications/Ac6/SystemWorkbench.app/Contents/Eclipse/plugins/fr.ac6.mcu.externaltools.arm-none.macos64_1.15.0.201708311556/tools/compiler/bin/../lib/gcc/arm-none-eabi/6.3.1/thumb/v7e-m/fpv4-sp/hard/libgcc.a
LOAD /Applications/Ac6/SystemWorkbench.app/Contents/Eclipse/plugins/fr.ac6.mcu.externaltools.arm-none.macos64_1.15.0.201708311556/tools/compiler/bin/../lib/gcc/arm-none-eabi/6.3.1/../../../../arm-none-eabi/lib/thumb/v7e-m/fpv4-sp/hard/libc_nano.a
END GROUP
LOAD /Applications/Ac6/SystemWorkbench.app/Contents/Eclipse/plugins/fr.ac6.mcu.externaltools.arm-none.macos64_1.15.0.201708311556/tools/compiler/bin/../lib/gcc/arm-none-eabi/6.3.1/thumb/v7e-m/fpv4-sp/hard/crtend.o
LOAD /Applications/Ac6/SystemWorkbench.app/Contents/Eclipse/plugins/fr.ac6.mcu.externaltools.arm-none.macos64_1.15.0.201708311556/tools/compiler/bin/../lib/gcc/arm-none-eabi/6.3.1/thumb/v7e-m/fpv4-sp/hard/crtn.o
                0x0000000020017fff                _estack = 0x20017fff
                0x0000000000002000                _Min_Heap_Size = 0x2000
                0x0000000000002000                _Min_Stack_Size = 0x2000

.isr_vector     0x0000000008004000      0x188
                0x0000000008004000                . = ALIGN (0x8)
 *(.isr_vector)
 .isr_vector    0x0000000008004000      0x188 DataLog/SW4STM32/startup_stm32l476xx.o
                0x0000000008004000                g_pfnVectors
                0x0000000008004188                . = ALIGN (0x8)

.text           0x0000000008004190    0x1c340
                0x0000000008004190                . = ALIGN (0x8)
 *(.text)
 .text          0x0000000008004190       0x6c /Applications/Ac6/SystemWorkbench.app/Contents/Eclipse/plugins/fr.ac6.mcu.externaltools.arm-none.macos64_1.15.0.201708311556/tools/compiler/bin/../lib/gcc/arm-none-eabi/6.3.1/thumb/v7e-m/fpv4-sp/hard/crtbegin.o
 .text          0x00000000080041fc      0x370 /Applications/Ac6/SystemWorkbench.app/Contents/Eclipse/plugins/fr.ac6.mcu.externaltools.arm-none.macos64_1.15.0.201708311556/tools/compiler/bin/../lib/gcc/arm-none-eabi/6.3.1/thumb/v7e-m/fpv4-sp/hard/libgcc.a(_arm_addsubdf3.o)
                0x00000000080041fc                __aeabi_drsub
                0x0000000008004204                __subdf3
                0x0000000008004204                __aeabi_dsub
                0x0000000008004208                __aeabi_dadd
                0x0000000008004208                __adddf3
                0x0000000008004480                __aeabi_ui2d
                0x0000000008004480                __floatunsidf
                0x00000000080044a0                __floatsidf
                0x00000000080044a0                __aeabi_i2d
                0x00000000080044c4                __extendsfdf2
                0x00000000080044c4                __aeabi_f2d
                0x0000000008004500                __aeabi_ul2d
                0x0000000008004500                __floatundidf
                0x0000000008004510                __aeabi_l2d
                0x0000000008004510                __floatdidf
 .text          0x000000000800456c      0x424 /Applications/Ac6/SystemWorkbench.app/Contents/Eclipse/plugins/fr.ac6.mcu.externaltools.arm-none.macos64_1.15.0.201708311556/tools/compiler/bin/../lib/gcc/arm-none-eabi/6.3.1/thumb/v7e-m/fpv4-sp/hard/libgcc.a(_arm_muldivdf3.o)
                0x000000000800456c                __aeabi_dmul
                0x000000000800456c                __muldf3
                0x00000000080047c0                __aeabi_ddiv
                0x00000000080047c0                __divdf3
 .text          0x0000000008004990      0x110 /Applications/Ac6/SystemWorkbench.app/Contents/Eclipse/plugins/fr.ac6.mcu.externaltools.arm-none.macos64_1.15.0.201708311556/tools/compiler/bin/../lib/gcc/arm-none-eabi/6.3.1/thumb/v7e-m/fpv4-sp/hard/libgcc.a(_arm_cmpdf2.o)
                0x0000000008004990                __gedf2
                0x0000000008004990                __gtdf2
                0x0000000008004998                __ledf2
                0x0000000008004998                __ltdf2
                0x00000000080049a0                __cmpdf2
                0x00000000080049a0                __eqdf2
                0x00000000080049a0                __nedf2
                0x0000000008004a1c                __aeabi_cdrcmple
                0x0000000008004a2c                __aeabi_cdcmple
                0x0000000008004a2c                __aeabi_cdcmpeq
                0x0000000008004a3c                __aeabi_dcmpeq
                0x0000000008004a50                __aeabi_dcmplt
                0x0000000008004a64                __aeabi_dcmple
                0x0000000008004a78                __aeabi_dcmpge
                0x0000000008004a8c                __aeabi_dcmpgt
 .text          0x0000000008004aa0       0x2c /Applications/Ac6/SystemWorkbench.app/Contents/Eclipse/plugins/fr.ac6.mcu.externaltools.arm-none.macos64_1.15.0.201708311556/tools/compiler/bin/../lib/gcc/arm-none-eabi/6.3.1/thumb/v7e-m/fpv4-sp/hard/libgcc.a(_arm_unorddf2.o)
                0x0000000008004aa0                __aeabi_dcmpun
                0x0000000008004aa0                __unorddf2
 .text          0x0000000008004acc       0x50 /Applications/Ac6/SystemWorkbench.app/Contents/Eclipse/plugins/fr.ac6.mcu.externaltools.arm-none.macos64_1.15.0.201708311556/tools/compiler/bin/../lib/gcc/arm-none-eabi/6.3.1/thumb/v7e-m/fpv4-sp/hard/libgcc.a(_arm_fixdfsi.o)
                0x0000000008004acc                __fixdfsi
                0x0000000008004acc                __aeabi_d2iz
 .text          0x0000000008004b1c       0x40 /Applications/Ac6/SystemWorkbench.app/Contents/Eclipse/plugins/fr.ac6.mcu.externaltools.arm-none.macos64_1.15.0.201708311556/tools/compiler/bin/../lib/gcc/arm-none-eabi/6.3.1/thumb/v7e-m/fpv4-sp/hard/libgcc.a(_arm_fixunsdfsi.o)
                0x0000000008004b1c                __fixunsdfsi
                0x0000000008004b1c                __aeabi_d2uiz
 .text          0x0000000008004b5c       0xa0 /Applications/Ac6/SystemWorkbench.app/Contents/Eclipse/plugins/fr.ac6.mcu.externaltools.arm-none.macos64_1.15.0.201708311556/tools/compiler/bin/../lib/gcc/arm-none-eabi/6.3.1/thumb/v7e-m/fpv4-sp/hard/libgcc.a(_arm_truncdfsf2.o)
                0x0000000008004b5c                __aeabi_d2f
                0x0000000008004b5c                __truncdfsf2
 .text          0x0000000008004bfc       0xa0 /Applications/Ac6/SystemWorkbench.app/Contents/Eclipse/plugins/fr.ac6.mcu.externaltools.arm-none.macos64_1.15.0.201708311556/tools/compiler/bin/../lib/gcc/arm-none-eabi/6.3.1/thumb/v7e-m/fpv4-sp/hard/libgcc.a(_aeabi_ldivmod.o)
                0x0000000008004bfc                __aeabi_ldivmod
 .text          0x0000000008004c9c      0x2dc /Applications/Ac6/SystemWorkbench.app/Contents/Eclipse/plugins/fr.ac6.mcu.externaltools.arm-none.macos64_1.15.0.201708311556/tools/compiler/bin/../lib/gcc/arm-none-eabi/6.3.1/thumb/v7e-m/fpv4-sp/hard/libgcc.a(_udivmoddi4.o)
                0x0000000008004c9c                __udivmoddi4
 .text          0x0000000008004f78        0x4 /Applications/Ac6/SystemWorkbench.app/Contents/Eclipse/plugins/fr.ac6.mcu.externaltools.arm-none.macos64_1.15.0.201708311556/tools/compiler/bin/../lib/gcc/arm-none-eabi/6.3.1/thumb/v7e-m/fpv4-sp/hard/libgcc.a(_dvmd_tls.o)
                0x0000000008004f78                __aeabi_ldiv0
                0x0000000008004f78                __aeabi_idiv0
 .text          0x0000000008004f7c       0x10 /Applications/Ac6/SystemWorkbench.app/Contents/Eclipse/plugins/fr.ac6.mcu.externaltools.arm-none.macos64_1.15.0.201708311556/tools/compiler/bin/../lib/gcc/arm-none-eabi/6.3.1/../../../../arm-none-eabi/lib/thumb/v7e-m/fpv4-sp/hard/libc_nano.a(lib_a-strlen.o)
                0x0000000008004f7c                strlen
 *fill*         0x0000000008004f8c        0x4 
 .text          0x0000000008004f90       0xa0 /Applications/Ac6/SystemWorkbench.app/Contents/Eclipse/plugins/fr.ac6.mcu.externaltools.arm-none.macos64_1.15.0.201708311556/tools/compiler/bin/../lib/gcc/arm-none-eabi/6.3.1/../../../../arm-none-eabi/lib/thumb/v7e-m/fpv4-sp/hard/libc_nano.a(lib_a-memchr.o)
                0x0000000008004f90                memchr
 *(.text*)
 .text.Reset_Handler
                0x0000000008005030       0x50 DataLog/SW4STM32/startup_stm32l476xx.o
                0x0000000008005030                Reset_Handler
 .text.Default_Handler
                0x0000000008005080        0x2 DataLog/SW4STM32/startup_stm32l476xx.o
                0x0000000008005080                TIM1_BRK_TIM15_IRQHandler
                0x0000000008005080                TIM8_TRG_COM_IRQHandler
                0x0000000008005080                TIM8_CC_IRQHandler
                0x0000000008005080                TIM1_CC_IRQHandler
                0x0000000008005080                TSC_IRQHandler
                0x0000000008005080                TAMP_STAMP_IRQHandler
                0x0000000008005080                PendSV_Handler
                0x0000000008005080                EXTI3_IRQHandler
                0x0000000008005080                LPTIM2_IRQHandler
                0x0000000008005080                DFSDM1_FLT1_IRQHandler
                0x0000000008005080                I2C3_ER_IRQHandler
                0x0000000008005080                DFSDM1_FLT2_IRQHandler
                0x0000000008005080                EXTI0_IRQHandler
                0x0000000008005080                I2C2_EV_IRQHandler
                0x0000000008005080                CAN1_RX0_IRQHandler
                0x0000000008005080                FPU_IRQHandler
                0x0000000008005080                TIM1_UP_TIM16_IRQHandler
                0x0000000008005080                UsageFault_Handler
                0x0000000008005080                ADC1_2_IRQHandler
                0x0000000008005080                SPI1_IRQHandler
                0x0000000008005080                TIM6_DAC_IRQHandler
                0x0000000008005080                TIM8_UP_IRQHandler
                0x0000000008005080                DMA2_Channel2_IRQHandler
                0x0000000008005080                DMA1_Channel4_IRQHandler
                0x0000000008005080                SAI2_IRQHandler
                0x0000000008005080                DFSDM1_FLT3_IRQHandler
                0x0000000008005080                USART3_IRQHandler
                0x0000000008005080                DMA1_Channel7_IRQHandler
                0x0000000008005080                CAN1_RX1_IRQHandler
                0x0000000008005080                LCD_IRQHandler
                0x0000000008005080                UART5_IRQHandler
                0x0000000008005080                ADC3_IRQHandler
                0x0000000008005080                TIM4_IRQHandler
                0x0000000008005080                DMA2_Channel1_IRQHandler
                0x0000000008005080                QUADSPI_IRQHandler
                0x0000000008005080                I2C1_EV_IRQHandler
                0x0000000008005080                DMA1_Channel6_IRQHandler
                0x0000000008005080                UART4_IRQHandler
                0x0000000008005080                DMA2_Channel4_IRQHandler
                0x0000000008005080                RCC_IRQHandler
                0x0000000008005080                DMA1_Channel1_IRQHandler
                0x0000000008005080                Default_Handler
                0x0000000008005080                DMA2_Channel7_IRQHandler
                0x0000000008005080                EXTI15_10_IRQHandler
                0x0000000008005080                TIM7_IRQHandler
                0x0000000008005080                SDMMC1_IRQHandler
                0x0000000008005080                TIM5_IRQHandler
                0x0000000008005080                I2C3_EV_IRQHandler
                0x0000000008005080                EXTI9_5_IRQHandler
                0x0000000008005080                RTC_WKUP_IRQHandler
                0x0000000008005080                PVD_PVM_IRQHandler
                0x0000000008005080                SPI2_IRQHandler
                0x0000000008005080                MemManage_Handler
                0x0000000008005080                CAN1_TX_IRQHandler
                0x0000000008005080                SVC_Handler
                0x0000000008005080                DMA2_Channel5_IRQHandler
                0x0000000008005080                DMA1_Channel5_IRQHandler
                0x0000000008005080                EXTI4_IRQHandler
                0x0000000008005080                RNG_IRQHandler
                0x0000000008005080                TIM1_TRG_COM_TIM17_IRQHandler
                0x0000000008005080                DMA1_Channel3_IRQHandler
                0x0000000008005080                COMP_IRQHandler
                0x0000000008005080                WWDG_IRQHandler
                0x0000000008005080                LPUART1_IRQHandler
                0x0000000008005080                DMA2_Channel6_IRQHandler
                0x0000000008005080                TIM2_IRQHandler
                0x0000000008005080                EXTI1_IRQHandler
                0x0000000008005080                USART2_IRQHandler
                0x0000000008005080                DFSDM1_FLT0_IRQHandler
                0x0000000008005080                I2C2_ER_IRQHandler
                0x0000000008005080                DMA1_Channel2_IRQHandler
                0x0000000008005080                TIM8_BRK_IRQHandler
                0x0000000008005080                CAN1_SCE_IRQHandler
                0x0000000008005080                FLASH_IRQHandler
                0x0000000008005080                BusFault_Handler
                0x0000000008005080                USART1_IRQHandler
                0x0000000008005080                SPI3_IRQHandler
                0x0000000008005080                I2C1_ER_IRQHandler
                0x0000000008005080                FMC_IRQHandler
                0x0000000008005080                SWPMI1_IRQHandler
                0x0000000008005080                LPTIM1_IRQHandler
                0x0000000008005080                SAI1_IRQHandler
                0x0000000008005080                DMA2_Channel3_IRQHandler
                0x0000000008005080                RTC_Alarm_IRQHandler
 *fill*         0x0000000008005082        0x2 
 .text.SystemClock_Config
                0x0000000008005084      0x144 DataLog/User/cube_hal_l4.o
                0x0000000008005084                SystemClock_Config
 .text.Error_Handler
                0x00000000080051c8        0x6 DataLog/User/cube_hal_l4.o
 *fill*         0x00000000080051ce        0x2 
 .text.DATALOG_SD_Init
                0x00000000080051d0       0x54 DataLog/User/datalog_application.o
                0x00000000080051d0                DATALOG_SD_Init
 .text.DATALOG_SD_Log_Enable
                0x0000000008005224       0xa0 DataLog/User/datalog_application.o
                0x0000000008005224                DATALOG_SD_Log_Enable
 .text.DATALOG_SD_Log_Disable
                0x00000000080052c4       0x18 DataLog/User/datalog_application.o
                0x00000000080052c4                DATALOG_SD_Log_Disable
 .text.DATALOG_SD_NewLine
                0x00000000080052dc       0x24 DataLog/User/datalog_application.o
                0x00000000080052dc                DATALOG_SD_NewLine
 .text.RTC_Handler
                0x0000000008005300       0xec DataLog/User/datalog_application.o
                0x0000000008005300                RTC_Handler
 .text.Accelero_Sensor_Handler
                0x00000000080053ec      0x4b0 DataLog/User/datalog_application.o
                0x00000000080053ec                Accelero_Sensor_Handler
 .text.Gyro_Sensor_Handler
                0x000000000800589c      0x2a0 DataLog/User/datalog_application.o
                0x000000000800589c                Gyro_Sensor_Handler
 .text.Magneto_Sensor_Handler
                0x0000000008005b3c      0x204 DataLog/User/datalog_application.o
                0x0000000008005b3c                Magneto_Sensor_Handler
 .text.Humidity_Sensor_Handler
                0x0000000008005d40      0x19c DataLog/User/datalog_application.o
                0x0000000008005d40                Humidity_Sensor_Handler
 .text.Temperature_Sensor_Handler
                0x0000000008005edc      0x19c DataLog/User/datalog_application.o
                0x0000000008005edc                Temperature_Sensor_Handler
 .text.Pressure_Sensor_Handler
                0x0000000008006078      0x19c DataLog/User/datalog_application.o
                0x0000000008006078                Pressure_Sensor_Handler
 .text.Gas_Gauge_Handler
                0x0000000008006214       0xdc DataLog/User/datalog_application.o
                0x0000000008006214                Gas_Gauge_Handler
 .text.floatToInt
                0x00000000080062f0       0xc8 DataLog/User/datalog_application.o
                0x00000000080062f0                floatToInt
 .text.main     0x00000000080063b8      0x210 DataLog/User/main.o
                0x00000000080063b8                main
 .text.initializeAllSensors
                0x00000000080065c8       0xf4 DataLog/User/main.o
 .text.enableAllSensors
                0x00000000080066bc       0x88 DataLog/User/main.o
                0x00000000080066bc                enableAllSensors
 .text.RTC_Config
                0x0000000008006744       0x4c DataLog/User/main.o
 .text.RTC_TimeStampConfig
                0x0000000008006790       0x68 DataLog/User/main.o
 .text.HAL_GPIO_EXTI_Callback
                0x00000000080067f8       0x20 DataLog/User/main.o
                0x00000000080067f8                HAL_GPIO_EXTI_Callback
 .text.Error_Handler
                0x0000000008006818        0x6 DataLog/User/main.o
 *fill*         0x000000000800681e        0x2 
 .text.HAL_RTC_MspInit
                0x0000000008006820       0x34 DataLog/User/stm32l4xx_hal_msp.o
                0x0000000008006820                HAL_RTC_MspInit
 .text.NMI_Handler
                0x0000000008006854        0xe DataLog/User/stm32l4xx_it.o
                0x0000000008006854                NMI_Handler
 .text.HardFault_Handler
                0x0000000008006862        0x6 DataLog/User/stm32l4xx_it.o
                0x0000000008006862                HardFault_Handler
 .text.DebugMon_Handler
                0x0000000008006868        0xe DataLog/User/stm32l4xx_it.o
                0x0000000008006868                DebugMon_Handler
 .text.SysTick_Handler
                0x0000000008006876        0xc DataLog/User/stm32l4xx_it.o
                0x0000000008006876                SysTick_Handler
 *fill*         0x0000000008006882        0x2 
 .text.OTG_FS_IRQHandler
                0x0000000008006884       0x14 DataLog/User/stm32l4xx_it.o
                0x0000000008006884                OTG_FS_IRQHandler
 .text.TIM3_IRQHandler
                0x0000000008006898       0x14 DataLog/User/stm32l4xx_it.o
                0x0000000008006898                TIM3_IRQHandler
 .text.EXTI2_IRQHandler
                0x00000000080068ac        0xe DataLog/User/stm32l4xx_it.o
                0x00000000080068ac                EXTI2_IRQHandler
 *fill*         0x00000000080068ba        0x2 
 .text._sbrk    0x00000000080068bc       0x58 DataLog/User/syscalls.o
                0x00000000080068bc                _sbrk
 .text._write   0x0000000008006914       0x38 DataLog/User/syscalls.o
                0x0000000008006914                _write
 .text._close   0x000000000800694c       0x18 DataLog/User/syscalls.o
                0x000000000800694c                _close
 .text._fstat   0x0000000008006964       0x20 DataLog/User/syscalls.o
                0x0000000008006964                _fstat
 .text._isatty  0x0000000008006984       0x16 DataLog/User/syscalls.o
                0x0000000008006984                _isatty
 .text._lseek   0x000000000800699a       0x1a DataLog/User/syscalls.o
                0x000000000800699a                _lseek
 .text._read    0x00000000080069b4       0x22 DataLog/User/syscalls.o
                0x00000000080069b4                _read
 *fill*         0x00000000080069d6        0x2 
 .text.CDC_Itf_Init
                0x00000000080069d8       0x74 DataLog/User/usbd_cdc_interface.o
 .text.CDC_Itf_DeInit
                0x0000000008006a4c       0x10 DataLog/User/usbd_cdc_interface.o
 .text.CDC_Itf_Control
                0x0000000008006a5c      0x15c DataLog/User/usbd_cdc_interface.o
 .text.CDC_Fill_Buffer
                0x0000000008006bb8       0x54 DataLog/User/usbd_cdc_interface.o
                0x0000000008006bb8                CDC_Fill_Buffer
 .text.HAL_TIM_PeriodElapsedCallback
                0x0000000008006c0c       0x90 DataLog/User/usbd_cdc_interface.o
                0x0000000008006c0c                HAL_TIM_PeriodElapsedCallback
 .text.CDC_Itf_Receive
                0x0000000008006c9c       0x18 DataLog/User/usbd_cdc_interface.o
 .text.TIM_Config
                0x0000000008006cb4       0x40 DataLog/User/usbd_cdc_interface.o
 .text.Error_Handler
                0x0000000008006cf4        0xe DataLog/User/usbd_cdc_interface.o
 *fill*         0x0000000008006d02        0x2 
 .text.HAL_PCD_MspInit
                0x0000000008006d04       0x78 DataLog/User/usbd_conf.o
                0x0000000008006d04                HAL_PCD_MspInit
 .text.HAL_PCD_SetupStageCallback
                0x0000000008006d7c       0x24 DataLog/User/usbd_conf.o
                0x0000000008006d7c                HAL_PCD_SetupStageCallback
 .text.HAL_PCD_DataOutStageCallback
                0x0000000008006da0       0x36 DataLog/User/usbd_conf.o
                0x0000000008006da0                HAL_PCD_DataOutStageCallback
 .text.HAL_PCD_DataInStageCallback
                0x0000000008006dd6       0x34 DataLog/User/usbd_conf.o
                0x0000000008006dd6                HAL_PCD_DataInStageCallback
 .text.HAL_PCD_SOFCallback
                0x0000000008006e0a       0x1c DataLog/User/usbd_conf.o
                0x0000000008006e0a                HAL_PCD_SOFCallback
 .text.HAL_PCD_ResetCallback
                0x0000000008006e26       0x2a DataLog/User/usbd_conf.o
                0x0000000008006e26                HAL_PCD_ResetCallback
 .text.HAL_PCD_SuspendCallback
                0x0000000008006e50       0x1c DataLog/User/usbd_conf.o
                0x0000000008006e50                HAL_PCD_SuspendCallback
 .text.HAL_PCD_ResumeCallback
                0x0000000008006e6c       0x1c DataLog/User/usbd_conf.o
                0x0000000008006e6c                HAL_PCD_ResumeCallback
 .text.HAL_PCD_ISOOUTIncompleteCallback
                0x0000000008006e88       0x24 DataLog/User/usbd_conf.o
                0x0000000008006e88                HAL_PCD_ISOOUTIncompleteCallback
 .text.HAL_PCD_ISOINIncompleteCallback
                0x0000000008006eac       0x24 DataLog/User/usbd_conf.o
                0x0000000008006eac                HAL_PCD_ISOINIncompleteCallback
 .text.HAL_PCD_ConnectCallback
                0x0000000008006ed0       0x1c DataLog/User/usbd_conf.o
                0x0000000008006ed0                HAL_PCD_ConnectCallback
 .text.HAL_PCD_DisconnectCallback
                0x0000000008006eec       0x1c DataLog/User/usbd_conf.o
                0x0000000008006eec                HAL_PCD_DisconnectCallback
 .text.USBD_LL_Init
                0x0000000008006f08       0x94 DataLog/User/usbd_conf.o
                0x0000000008006f08                USBD_LL_Init
 .text.USBD_LL_Start
                0x0000000008006f9c       0x1e DataLog/User/usbd_conf.o
                0x0000000008006f9c                USBD_LL_Start
 .text.USBD_LL_OpenEP
                0x0000000008006fba       0x34 DataLog/User/usbd_conf.o
                0x0000000008006fba                USBD_LL_OpenEP
 .text.USBD_LL_CloseEP
                0x0000000008006fee       0x26 DataLog/User/usbd_conf.o
                0x0000000008006fee                USBD_LL_CloseEP
 .text.USBD_LL_StallEP
                0x0000000008007014       0x26 DataLog/User/usbd_conf.o
                0x0000000008007014                USBD_LL_StallEP
 .text.USBD_LL_ClearStallEP
                0x000000000800703a       0x26 DataLog/User/usbd_conf.o
                0x000000000800703a                USBD_LL_ClearStallEP
 .text.USBD_LL_IsStallEP
                0x0000000008007060       0x58 DataLog/User/usbd_conf.o
                0x0000000008007060                USBD_LL_IsStallEP
 .text.USBD_LL_SetUSBAddress
                0x00000000080070b8       0x26 DataLog/User/usbd_conf.o
                0x00000000080070b8                USBD_LL_SetUSBAddress
 .text.USBD_LL_Transmit
                0x00000000080070de       0x2e DataLog/User/usbd_conf.o
                0x00000000080070de                USBD_LL_Transmit
 .text.USBD_LL_PrepareReceive
                0x000000000800710c       0x2e DataLog/User/usbd_conf.o
                0x000000000800710c                USBD_LL_PrepareReceive
 .text.USBD_LL_GetRxDataSize
                0x000000000800713a       0x26 DataLog/User/usbd_conf.o
                0x000000000800713a                USBD_LL_GetRxDataSize
 .text.USBD_VCP_DeviceDescriptor
                0x0000000008007160       0x24 DataLog/User/usbd_desc.o
                0x0000000008007160                USBD_VCP_DeviceDescriptor
 .text.USBD_VCP_LangIDStrDescriptor
                0x0000000008007184       0x24 DataLog/User/usbd_desc.o
                0x0000000008007184                USBD_VCP_LangIDStrDescriptor
 .text.USBD_VCP_ProductStrDescriptor
                0x00000000080071a8       0x28 DataLog/User/usbd_desc.o
                0x00000000080071a8                USBD_VCP_ProductStrDescriptor
 .text.USBD_VCP_ManufacturerStrDescriptor
                0x00000000080071d0       0x28 DataLog/User/usbd_desc.o
                0x00000000080071d0                USBD_VCP_ManufacturerStrDescriptor
 .text.USBD_VCP_SerialStrDescriptor
                0x00000000080071f8       0x24 DataLog/User/usbd_desc.o
                0x00000000080071f8                USBD_VCP_SerialStrDescriptor
 .text.USBD_VCP_ConfigStrDescriptor
                0x000000000800721c       0x28 DataLog/User/usbd_desc.o
                0x000000000800721c                USBD_VCP_ConfigStrDescriptor
 .text.USBD_VCP_InterfaceStrDescriptor
                0x0000000008007244       0x28 DataLog/User/usbd_desc.o
                0x0000000008007244                USBD_VCP_InterfaceStrDescriptor
 .text.Get_SerialNum
                0x000000000800726c       0x58 DataLog/User/usbd_desc.o
 .text.IntToUnicode
                0x00000000080072c4       0x7c DataLog/User/usbd_desc.o
 .text.HTS221_ReadReg
                0x0000000008007340       0x32 Drivers/BSP/Components/HTS221_Driver.o
                0x0000000008007340                HTS221_ReadReg
 .text.HTS221_WriteReg
                0x0000000008007372       0x32 Drivers/BSP/Components/HTS221_Driver.o
                0x0000000008007372                HTS221_WriteReg
 .text.HTS221_Get_DeviceID
                0x00000000080073a4       0x2a Drivers/BSP/Components/HTS221_Driver.o
                0x00000000080073a4                HTS221_Get_DeviceID
 *fill*         0x00000000080073ce        0x2 
 .text.HTS221_Get_Humidity
                0x00000000080073d0      0x154 Drivers/BSP/Components/HTS221_Driver.o
                0x00000000080073d0                HTS221_Get_Humidity
 .text.HTS221_Get_Temperature
                0x0000000008007524      0x14c Drivers/BSP/Components/HTS221_Driver.o
                0x0000000008007524                HTS221_Get_Temperature
 .text.HTS221_Get_DataStatus
                0x0000000008007670       0x48 Drivers/BSP/Components/HTS221_Driver.o
                0x0000000008007670                HTS221_Get_DataStatus
 .text.HTS221_Activate
                0x00000000080076b8       0x4c Drivers/BSP/Components/HTS221_Driver.o
                0x00000000080076b8                HTS221_Activate
 .text.HTS221_DeActivate
                0x0000000008007704       0x4c Drivers/BSP/Components/HTS221_Driver.o
                0x0000000008007704                HTS221_DeActivate
 .text.HTS221_Set_BduMode
                0x0000000008007750       0x7c Drivers/BSP/Components/HTS221_Driver.o
                0x0000000008007750                HTS221_Set_BduMode
 .text.HTS221_Set_Odr
                0x00000000080077cc       0x80 Drivers/BSP/Components/HTS221_Driver.o
                0x00000000080077cc                HTS221_Set_Odr
 .text.HTS221_Get_Odr
                0x000000000800784c       0x3c Drivers/BSP/Components/HTS221_Driver.o
                0x000000000800784c                HTS221_Get_Odr
 .text.HTS221_assert_failed
                0x0000000008007888       0x1c Drivers/BSP/Components/HTS221_Driver.o
                0x0000000008007888                HTS221_assert_failed
 .text.HTS221_H_Init
                0x00000000080078a4       0x42 Drivers/BSP/Components/HTS221_Driver_HL.o
 .text.HTS221_H_DeInit
                0x00000000080078e6       0x42 Drivers/BSP/Components/HTS221_Driver_HL.o
 .text.HTS221_H_Sensor_Enable
                0x0000000008007928       0x4e Drivers/BSP/Components/HTS221_Driver_HL.o
 .text.HTS221_H_Sensor_Disable
                0x0000000008007976       0x4e Drivers/BSP/Components/HTS221_Driver_HL.o
 .text.HTS221_H_Get_WhoAmI
                0x00000000080079c4       0x1c Drivers/BSP/Components/HTS221_Driver_HL.o
 .text.HTS221_H_Check_WhoAmI
                0x00000000080079e0       0x18 Drivers/BSP/Components/HTS221_Driver_HL.o
 .text.HTS221_H_Get_Hum
                0x00000000080079f8       0x1c Drivers/BSP/Components/HTS221_Driver_HL.o
 .text.HTS221_H_Get_ODR
                0x0000000008007a14       0x1c Drivers/BSP/Components/HTS221_Driver_HL.o
 .text.HTS221_H_Set_ODR
                0x0000000008007a30       0x20 Drivers/BSP/Components/HTS221_Driver_HL.o
 .text.HTS221_H_Set_ODR_Value
                0x0000000008007a50       0x20 Drivers/BSP/Components/HTS221_Driver_HL.o
 .text.HTS221_H_Read_Reg
                0x0000000008007a70       0x2e Drivers/BSP/Components/HTS221_Driver_HL.o
 .text.HTS221_H_Write_Reg
                0x0000000008007a9e       0x30 Drivers/BSP/Components/HTS221_Driver_HL.o
 .text.HTS221_H_Get_DRDY_Status
                0x0000000008007ace       0x4c Drivers/BSP/Components/HTS221_Driver_HL.o
 .text.HTS221_T_Init
                0x0000000008007b1a       0x42 Drivers/BSP/Components/HTS221_Driver_HL.o
 .text.HTS221_T_DeInit
                0x0000000008007b5c       0x42 Drivers/BSP/Components/HTS221_Driver_HL.o
 .text.HTS221_T_Sensor_Enable
                0x0000000008007b9e       0x4e Drivers/BSP/Components/HTS221_Driver_HL.o
 .text.HTS221_T_Sensor_Disable
                0x0000000008007bec       0x4e Drivers/BSP/Components/HTS221_Driver_HL.o
 .text.HTS221_T_Get_WhoAmI
                0x0000000008007c3a       0x1c Drivers/BSP/Components/HTS221_Driver_HL.o
 .text.HTS221_T_Check_WhoAmI
                0x0000000008007c56       0x18 Drivers/BSP/Components/HTS221_Driver_HL.o
 .text.HTS221_T_Get_Temp
                0x0000000008007c6e       0x1c Drivers/BSP/Components/HTS221_Driver_HL.o
 .text.HTS221_T_Get_ODR
                0x0000000008007c8a       0x1c Drivers/BSP/Components/HTS221_Driver_HL.o
 .text.HTS221_T_Set_ODR
                0x0000000008007ca6       0x20 Drivers/BSP/Components/HTS221_Driver_HL.o
 .text.HTS221_T_Set_ODR_Value
                0x0000000008007cc6       0x20 Drivers/BSP/Components/HTS221_Driver_HL.o
 .text.HTS221_T_Read_Reg
                0x0000000008007ce6       0x2e Drivers/BSP/Components/HTS221_Driver_HL.o
 .text.HTS221_T_Write_Reg
                0x0000000008007d14       0x30 Drivers/BSP/Components/HTS221_Driver_HL.o
 .text.HTS221_T_Get_DRDY_Status
                0x0000000008007d44       0x4c Drivers/BSP/Components/HTS221_Driver_HL.o
 .text.HTS221_Init
                0x0000000008007d90       0x56 Drivers/BSP/Components/HTS221_Driver_HL.o
 .text.HTS221_Sensor_Enable
                0x0000000008007de6       0x22 Drivers/BSP/Components/HTS221_Driver_HL.o
 .text.HTS221_Sensor_Disable
                0x0000000008007e08       0x22 Drivers/BSP/Components/HTS221_Driver_HL.o
 .text.HTS221_Get_WhoAmI
                0x0000000008007e2a       0x26 Drivers/BSP/Components/HTS221_Driver_HL.o
 .text.HTS221_Check_WhoAmI
                0x0000000008007e50       0x3a Drivers/BSP/Components/HTS221_Driver_HL.o
 .text.HTS221_Get_Hum
                0x0000000008007e8a       0x46 Drivers/BSP/Components/HTS221_Driver_HL.o
 .text.HTS221_Get_Temp
                0x0000000008007ed0       0x48 Drivers/BSP/Components/HTS221_Driver_HL.o
 .text.HTS221_Get_ODR
                0x0000000008007f18       0x80 Drivers/BSP/Components/HTS221_Driver_HL.o
 .text.HTS221_Set_ODR
                0x0000000008007f98       0x6c Drivers/BSP/Components/HTS221_Driver_HL.o
 .text.HTS221_Set_ODR_Value
                0x0000000008008004       0x5a Drivers/BSP/Components/HTS221_Driver_HL.o
 .text.HTS221_Read_Reg
                0x000000000800805e       0x2e Drivers/BSP/Components/HTS221_Driver_HL.o
 .text.HTS221_Write_Reg
                0x000000000800808c       0x30 Drivers/BSP/Components/HTS221_Driver_HL.o
 .text.LPS22HB_ReadReg
                0x00000000080080bc       0x32 Drivers/BSP/Components/LPS22HB_Driver.o
                0x00000000080080bc                LPS22HB_ReadReg
 .text.LPS22HB_WriteReg
                0x00000000080080ee       0x32 Drivers/BSP/Components/LPS22HB_Driver.o
                0x00000000080080ee                LPS22HB_WriteReg
 .text.LPS22HB_Get_DeviceID
                0x0000000008008120       0x2a Drivers/BSP/Components/LPS22HB_Driver.o
                0x0000000008008120                LPS22HB_Get_DeviceID
 .text.LPS22HB_Set_PowerMode
                0x000000000800814a       0x5a Drivers/BSP/Components/LPS22HB_Driver.o
                0x000000000800814a                LPS22HB_Set_PowerMode
 .text.LPS22HB_Set_Odr
                0x00000000080081a4       0x5a Drivers/BSP/Components/LPS22HB_Driver.o
                0x00000000080081a4                LPS22HB_Set_Odr
 .text.LPS22HB_Get_Odr
                0x00000000080081fe       0x38 Drivers/BSP/Components/LPS22HB_Driver.o
                0x00000000080081fe                LPS22HB_Get_Odr
 .text.LPS22HB_Set_LowPassFilter
                0x0000000008008236       0x62 Drivers/BSP/Components/LPS22HB_Driver.o
                0x0000000008008236                LPS22HB_Set_LowPassFilter
 .text.LPS22HB_Set_LowPassFilterCutoff
                0x0000000008008298       0x5a Drivers/BSP/Components/LPS22HB_Driver.o
                0x0000000008008298                LPS22HB_Set_LowPassFilterCutoff
 .text.LPS22HB_Set_Bdu
                0x00000000080082f2       0x5a Drivers/BSP/Components/LPS22HB_Driver.o
                0x00000000080082f2                LPS22HB_Set_Bdu
 .text.LPS22HB_SwResetAndMemoryBoot
                0x000000000800834c       0x4c Drivers/BSP/Components/LPS22HB_Driver.o
                0x000000000800834c                LPS22HB_SwResetAndMemoryBoot
 .text.LPS22HB_Set_FifoModeUse
                0x0000000008008398       0x62 Drivers/BSP/Components/LPS22HB_Driver.o
                0x0000000008008398                LPS22HB_Set_FifoModeUse
 .text.LPS22HB_Set_FifoWatermarkLevelUse
                0x00000000080083fa       0x62 Drivers/BSP/Components/LPS22HB_Driver.o
                0x00000000080083fa                LPS22HB_Set_FifoWatermarkLevelUse
 .text.LPS22HB_Set_AutomaticIncrementRegAddress
                0x000000000800845c       0x62 Drivers/BSP/Components/LPS22HB_Driver.o
                0x000000000800845c                LPS22HB_Set_AutomaticIncrementRegAddress
 .text.LPS22HB_Set_I2C
                0x00000000080084be       0x66 Drivers/BSP/Components/LPS22HB_Driver.o
                0x00000000080084be                LPS22HB_Set_I2C
 .text.LPS22HB_Set_FIFO_OVR_Interrupt
                0x0000000008008524       0x62 Drivers/BSP/Components/LPS22HB_Driver.o
                0x0000000008008524                LPS22HB_Set_FIFO_OVR_Interrupt
 .text.LPS22HB_Set_FIFO_FTH_Interrupt
                0x0000000008008586       0x62 Drivers/BSP/Components/LPS22HB_Driver.o
                0x0000000008008586                LPS22HB_Set_FIFO_FTH_Interrupt
 .text.LPS22HB_Set_FIFO_FULL_Interrupt
                0x00000000080085e8       0x62 Drivers/BSP/Components/LPS22HB_Driver.o
                0x00000000080085e8                LPS22HB_Set_FIFO_FULL_Interrupt
 .text.LPS22HB_Get_DataStatus
                0x000000000800864a       0x64 Drivers/BSP/Components/LPS22HB_Driver.o
                0x000000000800864a                LPS22HB_Get_DataStatus
 .text.LPS22HB_Get_RawPressure
                0x00000000080086ae       0x76 Drivers/BSP/Components/LPS22HB_Driver.o
                0x00000000080086ae                LPS22HB_Get_RawPressure
 .text.LPS22HB_Get_Pressure
                0x0000000008008724       0x42 Drivers/BSP/Components/LPS22HB_Driver.o
                0x0000000008008724                LPS22HB_Get_Pressure
 .text.LPS22HB_Get_RawTemperature
                0x0000000008008766       0x44 Drivers/BSP/Components/LPS22HB_Driver.o
                0x0000000008008766                LPS22HB_Get_RawTemperature
 *fill*         0x00000000080087aa        0x2 
 .text.LPS22HB_Get_Temperature
                0x00000000080087ac       0x50 Drivers/BSP/Components/LPS22HB_Driver.o
                0x00000000080087ac                LPS22HB_Get_Temperature
 .text.LPS22HB_Set_FifoMode
                0x00000000080087fc       0x5a Drivers/BSP/Components/LPS22HB_Driver.o
                0x00000000080087fc                LPS22HB_Set_FifoMode
 .text.LPS22HB_Get_FifoMode
                0x0000000008008856       0x3c Drivers/BSP/Components/LPS22HB_Driver.o
                0x0000000008008856                LPS22HB_Get_FifoMode
 .text.LPS22HB_Set_FifoWatermarkLevel
                0x0000000008008892       0x5a Drivers/BSP/Components/LPS22HB_Driver.o
                0x0000000008008892                LPS22HB_Set_FifoWatermarkLevel
 .text.LPS22HB_Get_FifoWatermarkLevel
                0x00000000080088ec       0x38 Drivers/BSP/Components/LPS22HB_Driver.o
                0x00000000080088ec                LPS22HB_Get_FifoWatermarkLevel
 .text.LPS22HB_Get_FifoStatus
                0x0000000008008924       0x7e Drivers/BSP/Components/LPS22HB_Driver.o
                0x0000000008008924                LPS22HB_Get_FifoStatus
 .text.LPS22HB_P_Init
                0x00000000080089a2       0x42 Drivers/BSP/Components/LPS22HB_Driver_HL.o
 .text.LPS22HB_P_DeInit
                0x00000000080089e4       0x40 Drivers/BSP/Components/LPS22HB_Driver_HL.o
 .text.LPS22HB_P_Sensor_Enable
                0x0000000008008a24       0x50 Drivers/BSP/Components/LPS22HB_Driver_HL.o
 .text.LPS22HB_P_Sensor_Disable
                0x0000000008008a74       0x4e Drivers/BSP/Components/LPS22HB_Driver_HL.o
 .text.LPS22HB_P_Get_WhoAmI
                0x0000000008008ac2       0x1c Drivers/BSP/Components/LPS22HB_Driver_HL.o
 .text.LPS22HB_P_Check_WhoAmI
                0x0000000008008ade       0x18 Drivers/BSP/Components/LPS22HB_Driver_HL.o
 .text.LPS22HB_P_Get_Press
                0x0000000008008af6       0x1c Drivers/BSP/Components/LPS22HB_Driver_HL.o
 .text.LPS22HB_P_Get_ODR
                0x0000000008008b12       0x1c Drivers/BSP/Components/LPS22HB_Driver_HL.o
 .text.LPS22HB_P_Set_ODR
                0x0000000008008b2e       0x54 Drivers/BSP/Components/LPS22HB_Driver_HL.o
 .text.LPS22HB_P_Set_ODR_Value
                0x0000000008008b82       0x54 Drivers/BSP/Components/LPS22HB_Driver_HL.o
 .text.LPS22HB_P_Read_Reg
                0x0000000008008bd6       0x2e Drivers/BSP/Components/LPS22HB_Driver_HL.o
 .text.LPS22HB_P_Write_Reg
                0x0000000008008c04       0x30 Drivers/BSP/Components/LPS22HB_Driver_HL.o
 .text.LPS22HB_P_Get_DRDY_Status
                0x0000000008008c34       0x30 Drivers/BSP/Components/LPS22HB_Driver_HL.o
 .text.LPS22HB_T_Init
                0x0000000008008c64       0x42 Drivers/BSP/Components/LPS22HB_Driver_HL.o
 .text.LPS22HB_T_DeInit
                0x0000000008008ca6       0x40 Drivers/BSP/Components/LPS22HB_Driver_HL.o
 .text.LPS22HB_T_Sensor_Enable
                0x0000000008008ce6       0x50 Drivers/BSP/Components/LPS22HB_Driver_HL.o
 .text.LPS22HB_T_Sensor_Disable
                0x0000000008008d36       0x4e Drivers/BSP/Components/LPS22HB_Driver_HL.o
 .text.LPS22HB_T_Get_WhoAmI
                0x0000000008008d84       0x1c Drivers/BSP/Components/LPS22HB_Driver_HL.o
 .text.LPS22HB_T_Check_WhoAmI
                0x0000000008008da0       0x18 Drivers/BSP/Components/LPS22HB_Driver_HL.o
 .text.LPS22HB_T_Get_Temp
                0x0000000008008db8       0x1c Drivers/BSP/Components/LPS22HB_Driver_HL.o
 .text.LPS22HB_T_Get_ODR
                0x0000000008008dd4       0x1c Drivers/BSP/Components/LPS22HB_Driver_HL.o
 .text.LPS22HB_T_Set_ODR
                0x0000000008008df0       0x54 Drivers/BSP/Components/LPS22HB_Driver_HL.o
 .text.LPS22HB_T_Set_ODR_Value
                0x0000000008008e44       0x54 Drivers/BSP/Components/LPS22HB_Driver_HL.o
 .text.LPS22HB_T_Read_Reg
                0x0000000008008e98       0x2e Drivers/BSP/Components/LPS22HB_Driver_HL.o
 .text.LPS22HB_T_Write_Reg
                0x0000000008008ec6       0x30 Drivers/BSP/Components/LPS22HB_Driver_HL.o
 .text.LPS22HB_T_Get_DRDY_Status
                0x0000000008008ef6       0x30 Drivers/BSP/Components/LPS22HB_Driver_HL.o
 *fill*         0x0000000008008f26        0x2 
 .text.LPS22HB_Initialize
                0x0000000008008f28       0xbc Drivers/BSP/Components/LPS22HB_Driver_HL.o
 .text.LPS22HB_Get_WhoAmI
                0x0000000008008fe4       0x26 Drivers/BSP/Components/LPS22HB_Driver_HL.o
 .text.LPS22HB_Check_WhoAmI
                0x000000000800900a       0x3a Drivers/BSP/Components/LPS22HB_Driver_HL.o
 .text.LPS22HB_Get_Press
                0x0000000008009044       0x4c Drivers/BSP/Components/LPS22HB_Driver_HL.o
 .text.LPS22HB_Get_Temp
                0x0000000008009090       0x48 Drivers/BSP/Components/LPS22HB_Driver_HL.o
 .text.LPS22HB_Get_ODR
                0x00000000080090d8       0xa0 Drivers/BSP/Components/LPS22HB_Driver_HL.o
 .text.LPS22HB_Set_ODR_When_Enabled
                0x0000000008009178       0x88 Drivers/BSP/Components/LPS22HB_Driver_HL.o
 .text.LPS22HB_Set_ODR_When_Disabled
                0x0000000008009200       0x7c Drivers/BSP/Components/LPS22HB_Driver_HL.o
 .text.LPS22HB_Set_ODR_Value_When_Enabled
                0x000000000800927c       0xa4 Drivers/BSP/Components/LPS22HB_Driver_HL.o
 .text.LPS22HB_Set_ODR_Value_When_Disabled
                0x0000000008009320       0x90 Drivers/BSP/Components/LPS22HB_Driver_HL.o
 .text.LPS22HB_Read_Reg
                0x00000000080093b0       0x2e Drivers/BSP/Components/LPS22HB_Driver_HL.o
 .text.LPS22HB_Write_Reg
                0x00000000080093de       0x30 Drivers/BSP/Components/LPS22HB_Driver_HL.o
 .text.LPS22HB_FIFO_Get_Empty_Status
                0x000000000800940e       0x30 Drivers/BSP/Components/LPS22HB_Driver_HL.o
 .text.LPS22HB_FIFO_Get_Full_Status
                0x000000000800943e       0x30 Drivers/BSP/Components/LPS22HB_Driver_HL.o
 .text.LPS22HB_FIFO_Get_Ovr_Status
                0x000000000800946e       0x30 Drivers/BSP/Components/LPS22HB_Driver_HL.o
 .text.LPS22HB_FIFO_Get_Fth_Status
                0x000000000800949e       0x30 Drivers/BSP/Components/LPS22HB_Driver_HL.o
 .text.LPS22HB_FIFO_Stop_On_Fth
                0x00000000080094ce       0x38 Drivers/BSP/Components/LPS22HB_Driver_HL.o
 .text.LPS22HB_FIFO_Usage
                0x0000000008009506       0x38 Drivers/BSP/Components/LPS22HB_Driver_HL.o
 .text.LPS22HB_FIFO_Get_Num_Of_Samples
                0x000000000800953e       0x30 Drivers/BSP/Components/LPS22HB_Driver_HL.o
 .text.LPS22HB_FIFO_Get_Data
                0x000000000800956e       0x3a Drivers/BSP/Components/LPS22HB_Driver_HL.o
 .text.LPS22HB_FIFO_Get_Mode
                0x00000000080095a8       0x30 Drivers/BSP/Components/LPS22HB_Driver_HL.o
 .text.LPS22HB_FIFO_Set_Mode
                0x00000000080095d8       0x50 Drivers/BSP/Components/LPS22HB_Driver_HL.o
 .text.LPS22HB_FIFO_Get_Watermark_Level
                0x0000000008009628       0x26 Drivers/BSP/Components/LPS22HB_Driver_HL.o
 .text.LPS22HB_FIFO_Set_Watermark_Level
                0x000000000800964e       0x2a Drivers/BSP/Components/LPS22HB_Driver_HL.o
 .text.LPS22HB_FIFO_Watermark_Usage
                0x0000000008009678       0x38 Drivers/BSP/Components/LPS22HB_Driver_HL.o
 .text.LPS22HB_FIFO_Set_Interrupt
                0x00000000080096b0       0x68 Drivers/BSP/Components/LPS22HB_Driver_HL.o
 .text.LPS22HB_FIFO_Reset_Interrupt
                0x0000000008009718       0x68 Drivers/BSP/Components/LPS22HB_Driver_HL.o
 .text.LSM303AGR_ACC_WriteReg
                0x0000000008009780       0x34 Drivers/BSP/Components/LSM303AGR_ACC_driver.o
                0x0000000008009780                LSM303AGR_ACC_WriteReg
 .text.LSM303AGR_ACC_ReadReg
                0x00000000080097b4       0x34 Drivers/BSP/Components/LSM303AGR_ACC_driver.o
                0x00000000080097b4                LSM303AGR_ACC_ReadReg
 .text.LSM303AGR_ACC_R_WHO_AM_I
                0x00000000080097e8       0x3a Drivers/BSP/Components/LSM303AGR_ACC_driver.o
                0x00000000080097e8                LSM303AGR_ACC_R_WHO_AM_I
 .text.LSM303AGR_ACC_W_BlockDataUpdate
                0x0000000008009822       0x5a Drivers/BSP/Components/LSM303AGR_ACC_driver.o
                0x0000000008009822                LSM303AGR_ACC_W_BlockDataUpdate
 .text.LSM303AGR_ACC_W_FullScale
                0x000000000800987c       0x5a Drivers/BSP/Components/LSM303AGR_ACC_driver.o
                0x000000000800987c                LSM303AGR_ACC_W_FullScale
 .text.LSM303AGR_ACC_R_FullScale
                0x00000000080098d6       0x38 Drivers/BSP/Components/LSM303AGR_ACC_driver.o
                0x00000000080098d6                LSM303AGR_ACC_R_FullScale
 .text.LSM303AGR_ACC_Get_Raw_Acceleration
                0x000000000800990e       0x2a Drivers/BSP/Components/LSM303AGR_ACC_driver.o
                0x000000000800990e                LSM303AGR_ACC_Get_Raw_Acceleration
 .text.LSM303AGR_ACC_Get_Acceleration
                0x0000000008009938      0x1cc Drivers/BSP/Components/LSM303AGR_ACC_driver.o
                0x0000000008009938                LSM303AGR_ACC_Get_Acceleration
 .text.LSM303AGR_ACC_W_ODR
                0x0000000008009b04       0x5a Drivers/BSP/Components/LSM303AGR_ACC_driver.o
                0x0000000008009b04                LSM303AGR_ACC_W_ODR
 .text.LSM303AGR_ACC_R_ODR
                0x0000000008009b5e       0x38 Drivers/BSP/Components/LSM303AGR_ACC_driver.o
                0x0000000008009b5e                LSM303AGR_ACC_R_ODR
 .text.LSM303AGR_ACC_W_XEN
                0x0000000008009b96       0x5a Drivers/BSP/Components/LSM303AGR_ACC_driver.o
                0x0000000008009b96                LSM303AGR_ACC_W_XEN
 .text.LSM303AGR_ACC_R_XEN
                0x0000000008009bf0       0x38 Drivers/BSP/Components/LSM303AGR_ACC_driver.o
                0x0000000008009bf0                LSM303AGR_ACC_R_XEN
 .text.LSM303AGR_ACC_W_YEN
                0x0000000008009c28       0x5a Drivers/BSP/Components/LSM303AGR_ACC_driver.o
                0x0000000008009c28                LSM303AGR_ACC_W_YEN
 .text.LSM303AGR_ACC_R_YEN
                0x0000000008009c82       0x38 Drivers/BSP/Components/LSM303AGR_ACC_driver.o
                0x0000000008009c82                LSM303AGR_ACC_R_YEN
 .text.LSM303AGR_ACC_W_ZEN
                0x0000000008009cba       0x5a Drivers/BSP/Components/LSM303AGR_ACC_driver.o
                0x0000000008009cba                LSM303AGR_ACC_W_ZEN
 .text.LSM303AGR_ACC_R_ZEN
                0x0000000008009d14       0x38 Drivers/BSP/Components/LSM303AGR_ACC_driver.o
                0x0000000008009d14                LSM303AGR_ACC_R_ZEN
 .text.LSM303AGR_ACC_R_LOWPWR_EN
                0x0000000008009d4c       0x38 Drivers/BSP/Components/LSM303AGR_ACC_driver.o
                0x0000000008009d4c                LSM303AGR_ACC_R_LOWPWR_EN
 .text.LSM303AGR_ACC_R_HiRes
                0x0000000008009d84       0x38 Drivers/BSP/Components/LSM303AGR_ACC_driver.o
                0x0000000008009d84                LSM303AGR_ACC_R_HiRes
 .text.LSM303AGR_ACC_R_XDataAvail
                0x0000000008009dbc       0x38 Drivers/BSP/Components/LSM303AGR_ACC_driver.o
                0x0000000008009dbc                LSM303AGR_ACC_R_XDataAvail
 .text.LSM303AGR_ACC_W_FifoMode
                0x0000000008009df4       0x5a Drivers/BSP/Components/LSM303AGR_ACC_driver.o
                0x0000000008009df4                LSM303AGR_ACC_W_FifoMode
 *fill*         0x0000000008009e4e        0x2 
 .text.LSM303AGR_X_Init
                0x0000000008009e50       0xc0 Drivers/BSP/Components/LSM303AGR_ACC_driver_HL.o
 .text.LSM303AGR_X_DeInit
                0x0000000008009f10       0x58 Drivers/BSP/Components/LSM303AGR_ACC_driver_HL.o
 .text.LSM303AGR_X_Sensor_Enable
                0x0000000008009f68       0x4a Drivers/BSP/Components/LSM303AGR_ACC_driver_HL.o
 .text.LSM303AGR_X_Sensor_Disable
                0x0000000008009fb2       0x58 Drivers/BSP/Components/LSM303AGR_ACC_driver_HL.o
 .text.LSM303AGR_X_Get_WhoAmI
                0x000000000800a00a       0x26 Drivers/BSP/Components/LSM303AGR_ACC_driver_HL.o
 .text.LSM303AGR_X_Check_WhoAmI
                0x000000000800a030       0x3a Drivers/BSP/Components/LSM303AGR_ACC_driver_HL.o
 .text.LSM303AGR_X_Get_Axes
                0x000000000800a06a       0x3c Drivers/BSP/Components/LSM303AGR_ACC_driver_HL.o
 .text.LSM303AGR_X_Get_AxesRaw
                0x000000000800a0a6       0x42 Drivers/BSP/Components/LSM303AGR_ACC_driver_HL.o
 .text.LSM303AGR_X_Get_Sensitivity
                0x000000000800a0e8       0x88 Drivers/BSP/Components/LSM303AGR_ACC_driver_HL.o
 .text.LSM303AGR_X_Get_ODR
                0x000000000800a170       0xc4 Drivers/BSP/Components/LSM303AGR_ACC_driver_HL.o
 .text.LSM303AGR_X_Set_ODR
                0x000000000800a234       0x46 Drivers/BSP/Components/LSM303AGR_ACC_driver_HL.o
 .text.LSM303AGR_X_Set_ODR_Value
                0x000000000800a27a       0x46 Drivers/BSP/Components/LSM303AGR_ACC_driver_HL.o
 .text.LSM303AGR_X_Get_FS
                0x000000000800a2c0       0x7c Drivers/BSP/Components/LSM303AGR_ACC_driver_HL.o
 .text.LSM303AGR_X_Set_FS
                0x000000000800a33c       0x4e Drivers/BSP/Components/LSM303AGR_ACC_driver_HL.o
 .text.LSM303AGR_X_Set_FS_Value
                0x000000000800a38a       0x70 Drivers/BSP/Components/LSM303AGR_ACC_driver_HL.o
 .text.LSM303AGR_X_Get_Axes_Status
                0x000000000800a3fa       0x8c Drivers/BSP/Components/LSM303AGR_ACC_driver_HL.o
 .text.LSM303AGR_X_Set_Axes_Status
                0x000000000800a486       0x78 Drivers/BSP/Components/LSM303AGR_ACC_driver_HL.o
 .text.LSM303AGR_X_Read_Reg
                0x000000000800a4fe       0x2e Drivers/BSP/Components/LSM303AGR_ACC_driver_HL.o
 .text.LSM303AGR_X_Write_Reg
                0x000000000800a52c       0x30 Drivers/BSP/Components/LSM303AGR_ACC_driver_HL.o
 .text.LSM303AGR_X_Get_DRDY_Status
                0x000000000800a55c       0x48 Drivers/BSP/Components/LSM303AGR_ACC_driver_HL.o
 .text.LSM303AGR_X_Get_Axes_Raw
                0x000000000800a5a4       0xce Drivers/BSP/Components/LSM303AGR_ACC_driver_HL.o
 *fill*         0x000000000800a672        0x2 
 .text.LSM303AGR_X_Set_ODR_When_Enabled
                0x000000000800a674       0x6c Drivers/BSP/Components/LSM303AGR_ACC_driver_HL.o
 .text.LSM303AGR_X_Set_ODR_When_Disabled
                0x000000000800a6e0       0x84 Drivers/BSP/Components/LSM303AGR_ACC_driver_HL.o
 .text.LSM303AGR_X_Set_ODR_Value_When_Enabled
                0x000000000800a764       0xc0 Drivers/BSP/Components/LSM303AGR_ACC_driver_HL.o
 .text.LSM303AGR_X_Set_ODR_Value_When_Disabled
                0x000000000800a824       0xd8 Drivers/BSP/Components/LSM303AGR_ACC_driver_HL.o
 .text.LSM303AGR_X_Get_Sensitivity_Normal_Mode
                0x000000000800a8fc       0x84 Drivers/BSP/Components/LSM303AGR_ACC_driver_HL.o
 .text.LSM303AGR_X_Get_Sensitivity_LP_Mode
                0x000000000800a980       0x84 Drivers/BSP/Components/LSM303AGR_ACC_driver_HL.o
 .text.LSM303AGR_X_Get_Sensitivity_HR_Mode
                0x000000000800aa04       0x84 Drivers/BSP/Components/LSM303AGR_ACC_driver_HL.o
 .text.LSM303AGR_MAG_WriteReg
                0x000000000800aa88       0x34 Drivers/BSP/Components/LSM303AGR_MAG_driver.o
                0x000000000800aa88                LSM303AGR_MAG_WriteReg
 .text.LSM303AGR_MAG_ReadReg
                0x000000000800aabc       0x34 Drivers/BSP/Components/LSM303AGR_MAG_driver.o
                0x000000000800aabc                LSM303AGR_MAG_ReadReg
 .text.LSM303AGR_MAG_R_WHO_AM_I
                0x000000000800aaf0       0x3a Drivers/BSP/Components/LSM303AGR_MAG_driver.o
                0x000000000800aaf0                LSM303AGR_MAG_R_WHO_AM_I
 .text.LSM303AGR_MAG_W_BDU
                0x000000000800ab2a       0x5a Drivers/BSP/Components/LSM303AGR_MAG_driver.o
                0x000000000800ab2a                LSM303AGR_MAG_W_BDU
 .text.LSM303AGR_MAG_W_MD
                0x000000000800ab84       0x5a Drivers/BSP/Components/LSM303AGR_MAG_driver.o
                0x000000000800ab84                LSM303AGR_MAG_W_MD
 .text.LSM303AGR_MAG_Get_Raw_Magnetic
                0x000000000800abde       0x2a Drivers/BSP/Components/LSM303AGR_MAG_driver.o
                0x000000000800abde                LSM303AGR_MAG_Get_Raw_Magnetic
 .text.LSM303AGR_MAG_W_ODR
                0x000000000800ac08       0x5a Drivers/BSP/Components/LSM303AGR_MAG_driver.o
                0x000000000800ac08                LSM303AGR_MAG_W_ODR
 .text.LSM303AGR_MAG_R_ODR
                0x000000000800ac62       0x38 Drivers/BSP/Components/LSM303AGR_MAG_driver.o
                0x000000000800ac62                LSM303AGR_MAG_R_ODR
 .text.LSM303AGR_MAG_W_ST
                0x000000000800ac9a       0x5a Drivers/BSP/Components/LSM303AGR_MAG_driver.o
                0x000000000800ac9a                LSM303AGR_MAG_W_ST
 .text.LSM303AGR_MAG_W_I2C_DIS
                0x000000000800acf4       0x5a Drivers/BSP/Components/LSM303AGR_MAG_driver.o
                0x000000000800acf4                LSM303AGR_MAG_W_I2C_DIS
 .text.LSM303AGR_MAG_R_ZYXDA
                0x000000000800ad4e       0x38 Drivers/BSP/Components/LSM303AGR_MAG_driver.o
                0x000000000800ad4e                LSM303AGR_MAG_R_ZYXDA
 .text.LSM303AGR_M_Init
                0x000000000800ad86       0x9a Drivers/BSP/Components/LSM303AGR_MAG_driver_HL.o
 .text.LSM303AGR_M_DeInit
                0x000000000800ae20       0x50 Drivers/BSP/Components/LSM303AGR_MAG_driver_HL.o
 .text.LSM303AGR_M_Sensor_Enable
                0x000000000800ae70       0x36 Drivers/BSP/Components/LSM303AGR_MAG_driver_HL.o
 .text.LSM303AGR_M_Sensor_Disable
                0x000000000800aea6       0x36 Drivers/BSP/Components/LSM303AGR_MAG_driver_HL.o
 .text.LSM303AGR_M_Get_WhoAmI
                0x000000000800aedc       0x26 Drivers/BSP/Components/LSM303AGR_MAG_driver_HL.o
 .text.LSM303AGR_M_Check_WhoAmI
                0x000000000800af02       0x3a Drivers/BSP/Components/LSM303AGR_MAG_driver_HL.o
 .text.LSM303AGR_M_Get_Axes
                0x000000000800af3c       0xa6 Drivers/BSP/Components/LSM303AGR_MAG_driver_HL.o
 .text.LSM303AGR_M_Get_AxesRaw
                0x000000000800afe2       0x42 Drivers/BSP/Components/LSM303AGR_MAG_driver_HL.o
 .text.LSM303AGR_M_Get_Sensitivity
                0x000000000800b024       0x20 Drivers/BSP/Components/LSM303AGR_MAG_driver_HL.o
 .text.LSM303AGR_M_Get_ODR
                0x000000000800b044       0xa8 Drivers/BSP/Components/LSM303AGR_MAG_driver_HL.o
 .text.LSM303AGR_M_Set_ODR
                0x000000000800b0ec       0x6c Drivers/BSP/Components/LSM303AGR_MAG_driver_HL.o
 .text.LSM303AGR_M_Set_ODR_Value
                0x000000000800b158       0x74 Drivers/BSP/Components/LSM303AGR_MAG_driver_HL.o
 .text.LSM303AGR_M_Get_FS
                0x000000000800b1cc       0x24 Drivers/BSP/Components/LSM303AGR_MAG_driver_HL.o
 .text.LSM303AGR_M_Set_FS
                0x000000000800b1f0       0x1a Drivers/BSP/Components/LSM303AGR_MAG_driver_HL.o
 .text.LSM303AGR_M_Set_FS_Value
                0x000000000800b20a       0x1a Drivers/BSP/Components/LSM303AGR_MAG_driver_HL.o
 .text.LSM303AGR_M_Read_Reg
                0x000000000800b224       0x2e Drivers/BSP/Components/LSM303AGR_MAG_driver_HL.o
 .text.LSM303AGR_M_Write_Reg
                0x000000000800b252       0x30 Drivers/BSP/Components/LSM303AGR_MAG_driver_HL.o
 .text.LSM303AGR_M_Get_DRDY_Status
                0x000000000800b282       0x48 Drivers/BSP/Components/LSM303AGR_MAG_driver_HL.o
 .text.LSM303AGR_M_Get_Axes_Raw
                0x000000000800b2ca       0x5c Drivers/BSP/Components/LSM303AGR_MAG_driver_HL.o
 .text.LSM6DSM_ACC_GYRO_ReadReg
                0x000000000800b326       0x2e Drivers/BSP/Components/LSM6DSM_ACC_GYRO_driver.o
                0x000000000800b326                LSM6DSM_ACC_GYRO_ReadReg
 .text.LSM6DSM_ACC_GYRO_WriteReg
                0x000000000800b354       0x30 Drivers/BSP/Components/LSM6DSM_ACC_GYRO_driver.o
                0x000000000800b354                LSM6DSM_ACC_GYRO_WriteReg
 .text.LSM6DSM_ACC_GYRO_W_EmbeddedAccess
                0x000000000800b384       0x58 Drivers/BSP/Components/LSM6DSM_ACC_GYRO_driver.o
                0x000000000800b384                LSM6DSM_ACC_GYRO_W_EmbeddedAccess
 .text.LSM6DSM_ACC_GYRO_W_FIFO_MODE
                0x000000000800b3dc       0x58 Drivers/BSP/Components/LSM6DSM_ACC_GYRO_driver.o
                0x000000000800b3dc                LSM6DSM_ACC_GYRO_W_FIFO_MODE
 .text.LSM6DSM_ACC_GYRO_W_STEP_DELTA_on_INT2
                0x000000000800b434       0x58 Drivers/BSP/Components/LSM6DSM_ACC_GYRO_driver.o
                0x000000000800b434                LSM6DSM_ACC_GYRO_W_STEP_DELTA_on_INT2
 .text.LSM6DSM_ACC_GYRO_R_WHO_AM_I
                0x000000000800b48c       0x38 Drivers/BSP/Components/LSM6DSM_ACC_GYRO_driver.o
                0x000000000800b48c                LSM6DSM_ACC_GYRO_R_WHO_AM_I
 .text.LSM6DSM_ACC_GYRO_W_FS_XL
                0x000000000800b4c4       0x58 Drivers/BSP/Components/LSM6DSM_ACC_GYRO_driver.o
                0x000000000800b4c4                LSM6DSM_ACC_GYRO_W_FS_XL
 .text.LSM6DSM_ACC_GYRO_R_FS_XL
                0x000000000800b51c       0x36 Drivers/BSP/Components/LSM6DSM_ACC_GYRO_driver.o
                0x000000000800b51c                LSM6DSM_ACC_GYRO_R_FS_XL
 .text.LSM6DSM_ACC_GYRO_W_ODR_XL
                0x000000000800b552       0x58 Drivers/BSP/Components/LSM6DSM_ACC_GYRO_driver.o
                0x000000000800b552                LSM6DSM_ACC_GYRO_W_ODR_XL
 .text.LSM6DSM_ACC_GYRO_R_ODR_XL
                0x000000000800b5aa       0x36 Drivers/BSP/Components/LSM6DSM_ACC_GYRO_driver.o
                0x000000000800b5aa                LSM6DSM_ACC_GYRO_R_ODR_XL
 .text.LSM6DSM_ACC_GYRO_W_FS_125
                0x000000000800b5e0       0x58 Drivers/BSP/Components/LSM6DSM_ACC_GYRO_driver.o
                0x000000000800b5e0                LSM6DSM_ACC_GYRO_W_FS_125
 .text.LSM6DSM_ACC_GYRO_R_FS_125
                0x000000000800b638       0x36 Drivers/BSP/Components/LSM6DSM_ACC_GYRO_driver.o
                0x000000000800b638                LSM6DSM_ACC_GYRO_R_FS_125
 .text.LSM6DSM_ACC_GYRO_W_FS_G
                0x000000000800b66e       0x58 Drivers/BSP/Components/LSM6DSM_ACC_GYRO_driver.o
                0x000000000800b66e                LSM6DSM_ACC_GYRO_W_FS_G
 .text.LSM6DSM_ACC_GYRO_R_FS_G
                0x000000000800b6c6       0x36 Drivers/BSP/Components/LSM6DSM_ACC_GYRO_driver.o
                0x000000000800b6c6                LSM6DSM_ACC_GYRO_R_FS_G
 .text.LSM6DSM_ACC_GYRO_W_ODR_G
                0x000000000800b6fc       0x58 Drivers/BSP/Components/LSM6DSM_ACC_GYRO_driver.o
                0x000000000800b6fc                LSM6DSM_ACC_GYRO_W_ODR_G
 .text.LSM6DSM_ACC_GYRO_R_ODR_G
                0x000000000800b754       0x36 Drivers/BSP/Components/LSM6DSM_ACC_GYRO_driver.o
                0x000000000800b754                LSM6DSM_ACC_GYRO_R_ODR_G
 .text.LSM6DSM_ACC_GYRO_W_IF_Addr_Incr
                0x000000000800b78a       0x58 Drivers/BSP/Components/LSM6DSM_ACC_GYRO_driver.o
                0x000000000800b78a                LSM6DSM_ACC_GYRO_W_IF_Addr_Incr
 .text.LSM6DSM_ACC_GYRO_W_BDU
                0x000000000800b7e2       0x58 Drivers/BSP/Components/LSM6DSM_ACC_GYRO_driver.o
                0x000000000800b7e2                LSM6DSM_ACC_GYRO_W_BDU
 .text.LSM6DSM_ACC_GYRO_W_I2C_DISABLE
                0x000000000800b83a       0x58 Drivers/BSP/Components/LSM6DSM_ACC_GYRO_driver.o
                0x000000000800b83a                LSM6DSM_ACC_GYRO_W_I2C_DISABLE
 .text.LSM6DSM_ACC_GYRO_W_PedoStepReset
                0x000000000800b892       0x58 Drivers/BSP/Components/LSM6DSM_ACC_GYRO_driver.o
                0x000000000800b892                LSM6DSM_ACC_GYRO_W_PedoStepReset
 .text.LSM6DSM_ACC_GYRO_W_TILT
                0x000000000800b8ea       0x58 Drivers/BSP/Components/LSM6DSM_ACC_GYRO_driver.o
                0x000000000800b8ea                LSM6DSM_ACC_GYRO_W_TILT
 .text.LSM6DSM_ACC_GYRO_W_PEDO
                0x000000000800b942       0x58 Drivers/BSP/Components/LSM6DSM_ACC_GYRO_driver.o
                0x000000000800b942                LSM6DSM_ACC_GYRO_W_PEDO
 .text.LSM6DSM_ACC_GYRO_W_FUNC_EN
                0x000000000800b99a       0x58 Drivers/BSP/Components/LSM6DSM_ACC_GYRO_driver.o
                0x000000000800b99a                LSM6DSM_ACC_GYRO_W_FUNC_EN
 .text.LSM6DSM_ACC_GYRO_R_WU_EV_STATUS
                0x000000000800b9f2       0x36 Drivers/BSP/Components/LSM6DSM_ACC_GYRO_driver.o
                0x000000000800b9f2                LSM6DSM_ACC_GYRO_R_WU_EV_STATUS
 .text.LSM6DSM_ACC_GYRO_R_FF_EV_STATUS
                0x000000000800ba28       0x36 Drivers/BSP/Components/LSM6DSM_ACC_GYRO_driver.o
                0x000000000800ba28                LSM6DSM_ACC_GYRO_R_FF_EV_STATUS
 .text.LSM6DSM_ACC_GYRO_R_DOUBLE_TAP_EV_STATUS
                0x000000000800ba5e       0x36 Drivers/BSP/Components/LSM6DSM_ACC_GYRO_driver.o
                0x000000000800ba5e                LSM6DSM_ACC_GYRO_R_DOUBLE_TAP_EV_STATUS
 .text.LSM6DSM_ACC_GYRO_R_SINGLE_TAP_EV_STATUS
                0x000000000800ba94       0x36 Drivers/BSP/Components/LSM6DSM_ACC_GYRO_driver.o
                0x000000000800ba94                LSM6DSM_ACC_GYRO_R_SINGLE_TAP_EV_STATUS
 .text.LSM6DSM_ACC_GYRO_R_DSD_XL
                0x000000000800baca       0x36 Drivers/BSP/Components/LSM6DSM_ACC_GYRO_driver.o
                0x000000000800baca                LSM6DSM_ACC_GYRO_R_DSD_XL
 .text.LSM6DSM_ACC_GYRO_R_DSD_XH
                0x000000000800bb00       0x36 Drivers/BSP/Components/LSM6DSM_ACC_GYRO_driver.o
                0x000000000800bb00                LSM6DSM_ACC_GYRO_R_DSD_XH
 .text.LSM6DSM_ACC_GYRO_R_DSD_YL
                0x000000000800bb36       0x36 Drivers/BSP/Components/LSM6DSM_ACC_GYRO_driver.o
                0x000000000800bb36                LSM6DSM_ACC_GYRO_R_DSD_YL
 .text.LSM6DSM_ACC_GYRO_R_DSD_YH
                0x000000000800bb6c       0x36 Drivers/BSP/Components/LSM6DSM_ACC_GYRO_driver.o
                0x000000000800bb6c                LSM6DSM_ACC_GYRO_R_DSD_YH
 .text.LSM6DSM_ACC_GYRO_R_DSD_ZL
                0x000000000800bba2       0x36 Drivers/BSP/Components/LSM6DSM_ACC_GYRO_driver.o
                0x000000000800bba2                LSM6DSM_ACC_GYRO_R_DSD_ZL
 .text.LSM6DSM_ACC_GYRO_R_DSD_ZH
                0x000000000800bbd8       0x36 Drivers/BSP/Components/LSM6DSM_ACC_GYRO_driver.o
                0x000000000800bbd8                LSM6DSM_ACC_GYRO_R_DSD_ZH
 .text.LSM6DSM_ACC_GYRO_R_D6D_EV_STATUS
                0x000000000800bc0e       0x36 Drivers/BSP/Components/LSM6DSM_ACC_GYRO_driver.o
                0x000000000800bc0e                LSM6DSM_ACC_GYRO_R_D6D_EV_STATUS
 .text.LSM6DSM_ACC_GYRO_R_XLDA
                0x000000000800bc44       0x36 Drivers/BSP/Components/LSM6DSM_ACC_GYRO_driver.o
                0x000000000800bc44                LSM6DSM_ACC_GYRO_R_XLDA
 .text.LSM6DSM_ACC_GYRO_R_GDA
                0x000000000800bc7a       0x36 Drivers/BSP/Components/LSM6DSM_ACC_GYRO_driver.o
                0x000000000800bc7a                LSM6DSM_ACC_GYRO_R_GDA
 .text.LSM6DSM_ACC_GYRO_R_PEDO_EV_STATUS
                0x000000000800bcb0       0x36 Drivers/BSP/Components/LSM6DSM_ACC_GYRO_driver.o
                0x000000000800bcb0                LSM6DSM_ACC_GYRO_R_PEDO_EV_STATUS
 .text.LSM6DSM_ACC_GYRO_R_TILT_EV_STATUS
                0x000000000800bce6       0x36 Drivers/BSP/Components/LSM6DSM_ACC_GYRO_driver.o
                0x000000000800bce6                LSM6DSM_ACC_GYRO_R_TILT_EV_STATUS
 .text.LSM6DSM_ACC_GYRO_W_TAP_Z_EN
                0x000000000800bd1c       0x58 Drivers/BSP/Components/LSM6DSM_ACC_GYRO_driver.o
                0x000000000800bd1c                LSM6DSM_ACC_GYRO_W_TAP_Z_EN
 .text.LSM6DSM_ACC_GYRO_W_TAP_Y_EN
                0x000000000800bd74       0x58 Drivers/BSP/Components/LSM6DSM_ACC_GYRO_driver.o
                0x000000000800bd74                LSM6DSM_ACC_GYRO_W_TAP_Y_EN
 .text.LSM6DSM_ACC_GYRO_W_TAP_X_EN
                0x000000000800bdcc       0x58 Drivers/BSP/Components/LSM6DSM_ACC_GYRO_driver.o
                0x000000000800bdcc                LSM6DSM_ACC_GYRO_W_TAP_X_EN
 .text.LSM6DSM_ACC_GYRO_W_BASIC_INT
                0x000000000800be24       0x58 Drivers/BSP/Components/LSM6DSM_ACC_GYRO_driver.o
                0x000000000800be24                LSM6DSM_ACC_GYRO_W_BASIC_INT
 .text.LSM6DSM_ACC_GYRO_W_TAP_THS
                0x000000000800be7c       0x60 Drivers/BSP/Components/LSM6DSM_ACC_GYRO_driver.o
                0x000000000800be7c                LSM6DSM_ACC_GYRO_W_TAP_THS
 .text.LSM6DSM_ACC_GYRO_W_SIXD_THS
                0x000000000800bedc       0x58 Drivers/BSP/Components/LSM6DSM_ACC_GYRO_driver.o
                0x000000000800bedc                LSM6DSM_ACC_GYRO_W_SIXD_THS
 .text.LSM6DSM_ACC_GYRO_W_SHOCK_Duration
                0x000000000800bf34       0x60 Drivers/BSP/Components/LSM6DSM_ACC_GYRO_driver.o
                0x000000000800bf34                LSM6DSM_ACC_GYRO_W_SHOCK_Duration
 .text.LSM6DSM_ACC_GYRO_W_QUIET_Duration
                0x000000000800bf94       0x66 Drivers/BSP/Components/LSM6DSM_ACC_GYRO_driver.o
                0x000000000800bf94                LSM6DSM_ACC_GYRO_W_QUIET_Duration
 .text.LSM6DSM_ACC_GYRO_W_DUR
                0x000000000800bffa       0x66 Drivers/BSP/Components/LSM6DSM_ACC_GYRO_driver.o
                0x000000000800bffa                LSM6DSM_ACC_GYRO_W_DUR
 .text.LSM6DSM_ACC_GYRO_W_WK_THS
                0x000000000800c060       0x60 Drivers/BSP/Components/LSM6DSM_ACC_GYRO_driver.o
                0x000000000800c060                LSM6DSM_ACC_GYRO_W_WK_THS
 .text.LSM6DSM_ACC_GYRO_W_SINGLE_DOUBLE_TAP_EV
                0x000000000800c0c0       0x58 Drivers/BSP/Components/LSM6DSM_ACC_GYRO_driver.o
                0x000000000800c0c0                LSM6DSM_ACC_GYRO_W_SINGLE_DOUBLE_TAP_EV
 .text.LSM6DSM_ACC_GYRO_W_SLEEP_DUR
                0x000000000800c118       0x60 Drivers/BSP/Components/LSM6DSM_ACC_GYRO_driver.o
                0x000000000800c118                LSM6DSM_ACC_GYRO_W_SLEEP_DUR
 .text.LSM6DSM_ACC_GYRO_W_TIMER_HR
                0x000000000800c178       0x58 Drivers/BSP/Components/LSM6DSM_ACC_GYRO_driver.o
                0x000000000800c178                LSM6DSM_ACC_GYRO_W_TIMER_HR
 .text.LSM6DSM_ACC_GYRO_W_WAKE_DUR
                0x000000000800c1d0       0x66 Drivers/BSP/Components/LSM6DSM_ACC_GYRO_driver.o
                0x000000000800c1d0                LSM6DSM_ACC_GYRO_W_WAKE_DUR
 .text.LSM6DSM_ACC_GYRO_W_FF_THS
                0x000000000800c236       0x58 Drivers/BSP/Components/LSM6DSM_ACC_GYRO_driver.o
                0x000000000800c236                LSM6DSM_ACC_GYRO_W_FF_THS
 .text.LSM6DSM_ACC_GYRO_W_FF_Duration
                0x000000000800c28e       0xca Drivers/BSP/Components/LSM6DSM_ACC_GYRO_driver.o
                0x000000000800c28e                LSM6DSM_ACC_GYRO_W_FF_Duration
 .text.LSM6DSM_ACC_GYRO_W_TiltEvOnInt2
                0x000000000800c358       0x58 Drivers/BSP/Components/LSM6DSM_ACC_GYRO_driver.o
                0x000000000800c358                LSM6DSM_ACC_GYRO_W_TiltEvOnInt2
 .text.LSM6DSM_ACC_GYRO_W_6DEvOnInt2
                0x000000000800c3b0       0x58 Drivers/BSP/Components/LSM6DSM_ACC_GYRO_driver.o
                0x000000000800c3b0                LSM6DSM_ACC_GYRO_W_6DEvOnInt2
 .text.LSM6DSM_ACC_GYRO_W_TapEvOnInt2
                0x000000000800c408       0x58 Drivers/BSP/Components/LSM6DSM_ACC_GYRO_driver.o
                0x000000000800c408                LSM6DSM_ACC_GYRO_W_TapEvOnInt2
 .text.LSM6DSM_ACC_GYRO_W_FFEvOnInt2
                0x000000000800c460       0x58 Drivers/BSP/Components/LSM6DSM_ACC_GYRO_driver.o
                0x000000000800c460                LSM6DSM_ACC_GYRO_W_FFEvOnInt2
 .text.LSM6DSM_ACC_GYRO_W_WUEvOnInt2
                0x000000000800c4b8       0x58 Drivers/BSP/Components/LSM6DSM_ACC_GYRO_driver.o
                0x000000000800c4b8                LSM6DSM_ACC_GYRO_W_WUEvOnInt2
 .text.LSM6DSM_ACC_GYRO_W_SingleTapOnInt2
                0x000000000800c510       0x58 Drivers/BSP/Components/LSM6DSM_ACC_GYRO_driver.o
                0x000000000800c510                LSM6DSM_ACC_GYRO_W_SingleTapOnInt2
 .text.LSM6DSM_ACC_GYRO_GetRawGyroData
                0x000000000800c568       0x66 Drivers/BSP/Components/LSM6DSM_ACC_GYRO_driver.o
                0x000000000800c568                LSM6DSM_ACC_GYRO_GetRawGyroData
 .text.LSM6DSM_ACC_GYRO_GetRawAccData
                0x000000000800c5ce       0x66 Drivers/BSP/Components/LSM6DSM_ACC_GYRO_driver.o
                0x000000000800c5ce                LSM6DSM_ACC_GYRO_GetRawAccData
 .text.LSM6DSM_ACC_GYRO_Get_GetStepCounter
                0x000000000800c634       0x66 Drivers/BSP/Components/LSM6DSM_ACC_GYRO_driver.o
                0x000000000800c634                LSM6DSM_ACC_GYRO_Get_GetStepCounter
 .text.LSM6DSM_ACC_GYRO_W_PedoThreshold
                0x000000000800c69a       0x88 Drivers/BSP/Components/LSM6DSM_ACC_GYRO_driver.o
                0x000000000800c69a                LSM6DSM_ACC_GYRO_W_PedoThreshold
 *fill*         0x000000000800c722        0x2 
 .text.LSM6DSM_X_Init
                0x000000000800c724       0xa4 Drivers/BSP/Components/LSM6DSM_ACC_GYRO_driver_HL.o
 .text.LSM6DSM_X_DeInit
                0x000000000800c7c8       0xc8 Drivers/BSP/Components/LSM6DSM_ACC_GYRO_driver_HL.o
 .text.LSM6DSM_X_Sensor_Enable
                0x000000000800c890       0x4a Drivers/BSP/Components/LSM6DSM_ACC_GYRO_driver_HL.o
 .text.LSM6DSM_X_Sensor_Disable
                0x000000000800c8da       0x58 Drivers/BSP/Components/LSM6DSM_ACC_GYRO_driver_HL.o
 .text.LSM6DSM_X_Get_WhoAmI
                0x000000000800c932       0x1c Drivers/BSP/Components/LSM6DSM_ACC_GYRO_driver_HL.o
 .text.LSM6DSM_X_Check_WhoAmI
                0x000000000800c94e       0x18 Drivers/BSP/Components/LSM6DSM_ACC_GYRO_driver_HL.o
 .text.LSM6DSM_X_Get_Axes
                0x000000000800c966       0xa6 Drivers/BSP/Components/LSM6DSM_ACC_GYRO_driver_HL.o
 .text.LSM6DSM_X_Get_AxesRaw
                0x000000000800ca0c       0x42 Drivers/BSP/Components/LSM6DSM_ACC_GYRO_driver_HL.o
 *fill*         0x000000000800ca4e        0x2 
 .text.LSM6DSM_X_Get_Sensitivity
                0x000000000800ca50       0xa8 Drivers/BSP/Components/LSM6DSM_ACC_GYRO_driver_HL.o
 .text.LSM6DSM_X_Get_ODR
                0x000000000800caf8       0xfc Drivers/BSP/Components/LSM6DSM_ACC_GYRO_driver_HL.o
 .text.LSM6DSM_X_Set_ODR
                0x000000000800cbf4       0x46 Drivers/BSP/Components/LSM6DSM_ACC_GYRO_driver_HL.o
 .text.LSM6DSM_X_Set_ODR_Value
                0x000000000800cc3a       0x46 Drivers/BSP/Components/LSM6DSM_ACC_GYRO_driver_HL.o
 .text.LSM6DSM_X_Get_FS
                0x000000000800cc80       0xa0 Drivers/BSP/Components/LSM6DSM_ACC_GYRO_driver_HL.o
 .text.LSM6DSM_X_Set_FS
                0x000000000800cd20       0x4e Drivers/BSP/Components/LSM6DSM_ACC_GYRO_driver_HL.o
 .text.LSM6DSM_X_Set_FS_Value
                0x000000000800cd6e       0x70 Drivers/BSP/Components/LSM6DSM_ACC_GYRO_driver_HL.o
 *fill*         0x000000000800cdde        0x2 
 .text.LSM6DSM_G_Init
                0x000000000800cde0       0xa4 Drivers/BSP/Components/LSM6DSM_ACC_GYRO_driver_HL.o
 .text.LSM6DSM_G_DeInit
                0x000000000800ce84       0x58 Drivers/BSP/Components/LSM6DSM_ACC_GYRO_driver_HL.o
 .text.LSM6DSM_G_Sensor_Enable
                0x000000000800cedc       0x4a Drivers/BSP/Components/LSM6DSM_ACC_GYRO_driver_HL.o
 .text.LSM6DSM_G_Sensor_Disable
                0x000000000800cf26       0x58 Drivers/BSP/Components/LSM6DSM_ACC_GYRO_driver_HL.o
 .text.LSM6DSM_G_Get_WhoAmI
                0x000000000800cf7e       0x1c Drivers/BSP/Components/LSM6DSM_ACC_GYRO_driver_HL.o
 .text.LSM6DSM_G_Check_WhoAmI
                0x000000000800cf9a       0x18 Drivers/BSP/Components/LSM6DSM_ACC_GYRO_driver_HL.o
 .text.LSM6DSM_G_Get_Axes
                0x000000000800cfb2       0xa6 Drivers/BSP/Components/LSM6DSM_ACC_GYRO_driver_HL.o
 .text.LSM6DSM_G_Get_AxesRaw
                0x000000000800d058       0x42 Drivers/BSP/Components/LSM6DSM_ACC_GYRO_driver_HL.o
 *fill*         0x000000000800d09a        0x2 
 .text.LSM6DSM_G_Get_Sensitivity
                0x000000000800d09c       0xd0 Drivers/BSP/Components/LSM6DSM_ACC_GYRO_driver_HL.o
 .text.LSM6DSM_G_Get_ODR
                0x000000000800d16c       0xfc Drivers/BSP/Components/LSM6DSM_ACC_GYRO_driver_HL.o
 .text.LSM6DSM_G_Set_ODR
                0x000000000800d268       0x46 Drivers/BSP/Components/LSM6DSM_ACC_GYRO_driver_HL.o
 .text.LSM6DSM_G_Set_ODR_Value
                0x000000000800d2ae       0x46 Drivers/BSP/Components/LSM6DSM_ACC_GYRO_driver_HL.o
 .text.LSM6DSM_G_Get_FS
                0x000000000800d2f4       0xd0 Drivers/BSP/Components/LSM6DSM_ACC_GYRO_driver_HL.o
 .text.LSM6DSM_G_Set_FS
                0x000000000800d3c4       0x4e Drivers/BSP/Components/LSM6DSM_ACC_GYRO_driver_HL.o
 *fill*         0x000000000800d412        0x2 
 .text.LSM6DSM_G_Set_FS_Value
                0x000000000800d414       0xb8 Drivers/BSP/Components/LSM6DSM_ACC_GYRO_driver_HL.o
 .text.LSM6DSM_Get_WhoAmI
                0x000000000800d4cc       0x26 Drivers/BSP/Components/LSM6DSM_ACC_GYRO_driver_HL.o
 .text.LSM6DSM_Check_WhoAmI
                0x000000000800d4f2       0x3a Drivers/BSP/Components/LSM6DSM_ACC_GYRO_driver_HL.o
 .text.LSM6DSM_X_Get_Axes_Raw
                0x000000000800d52c       0x7a Drivers/BSP/Components/LSM6DSM_ACC_GYRO_driver_HL.o
 *fill*         0x000000000800d5a6        0x2 
 .text.LSM6DSM_X_Set_ODR_When_Enabled
                0x000000000800d5a8       0x6c Drivers/BSP/Components/LSM6DSM_ACC_GYRO_driver_HL.o
 .text.LSM6DSM_X_Set_ODR_When_Disabled
                0x000000000800d614       0x84 Drivers/BSP/Components/LSM6DSM_ACC_GYRO_driver_HL.o
 .text.LSM6DSM_X_Set_ODR_Value_When_Enabled
                0x000000000800d698      0x110 Drivers/BSP/Components/LSM6DSM_ACC_GYRO_driver_HL.o
 .text.LSM6DSM_X_Set_ODR_Value_When_Disabled
                0x000000000800d7a8      0x138 Drivers/BSP/Components/LSM6DSM_ACC_GYRO_driver_HL.o
 .text.LSM6DSM_G_Get_Axes_Raw
                0x000000000800d8e0       0x7a Drivers/BSP/Components/LSM6DSM_ACC_GYRO_driver_HL.o
 *fill*         0x000000000800d95a        0x2 
 .text.LSM6DSM_G_Set_ODR_When_Enabled
                0x000000000800d95c       0x6c Drivers/BSP/Components/LSM6DSM_ACC_GYRO_driver_HL.o
 .text.LSM6DSM_G_Set_ODR_When_Disabled
                0x000000000800d9c8       0x84 Drivers/BSP/Components/LSM6DSM_ACC_GYRO_driver_HL.o
 .text.LSM6DSM_G_Set_ODR_Value_When_Enabled
                0x000000000800da4c      0x110 Drivers/BSP/Components/LSM6DSM_ACC_GYRO_driver_HL.o
 .text.LSM6DSM_G_Set_ODR_Value_When_Disabled
                0x000000000800db5c      0x138 Drivers/BSP/Components/LSM6DSM_ACC_GYRO_driver_HL.o
 .text.LSM6DSM_X_Enable_Free_Fall_Detection
                0x000000000800dc94       0xbc Drivers/BSP/Components/LSM6DSM_ACC_GYRO_driver_HL.o
 .text.LSM6DSM_X_Disable_Free_Fall_Detection
                0x000000000800dd50       0x5a Drivers/BSP/Components/LSM6DSM_ACC_GYRO_driver_HL.o
 .text.LSM6DSM_X_Get_Free_Fall_Detection_Status
                0x000000000800ddaa       0x48 Drivers/BSP/Components/LSM6DSM_ACC_GYRO_driver_HL.o
 .text.LSM6DSM_X_Set_Free_Fall_Threshold
                0x000000000800ddf2       0x2a Drivers/BSP/Components/LSM6DSM_ACC_GYRO_driver_HL.o
 .text.LSM6DSM_X_Enable_Pedometer
                0x000000000800de1c       0x80 Drivers/BSP/Components/LSM6DSM_ACC_GYRO_driver_HL.o
 .text.LSM6DSM_X_Disable_Pedometer
                0x000000000800de9c       0x5a Drivers/BSP/Components/LSM6DSM_ACC_GYRO_driver_HL.o
 .text.LSM6DSM_X_Get_Pedometer_Status
                0x000000000800def6       0x48 Drivers/BSP/Components/LSM6DSM_ACC_GYRO_driver_HL.o
 .text.LSM6DSM_X_Get_Step_Count
                0x000000000800df3e       0x26 Drivers/BSP/Components/LSM6DSM_ACC_GYRO_driver_HL.o
 .text.LSM6DSM_X_Enable_Step_Counter_Reset
                0x000000000800df64       0x24 Drivers/BSP/Components/LSM6DSM_ACC_GYRO_driver_HL.o
 .text.LSM6DSM_X_Disable_Step_Counter_Reset
                0x000000000800df88       0x24 Drivers/BSP/Components/LSM6DSM_ACC_GYRO_driver_HL.o
 .text.LSM6DSM_X_Set_Pedometer_Threshold
                0x000000000800dfac       0x2a Drivers/BSP/Components/LSM6DSM_ACC_GYRO_driver_HL.o
 .text.LSM6DSM_X_Enable_Tilt_Detection
                0x000000000800dfd6       0x6e Drivers/BSP/Components/LSM6DSM_ACC_GYRO_driver_HL.o
 .text.LSM6DSM_X_Disable_Tilt_Detection
                0x000000000800e044       0x48 Drivers/BSP/Components/LSM6DSM_ACC_GYRO_driver_HL.o
 .text.LSM6DSM_X_Get_Tilt_Detection_Status
                0x000000000800e08c       0x48 Drivers/BSP/Components/LSM6DSM_ACC_GYRO_driver_HL.o
 .text.LSM6DSM_X_Enable_Wake_Up_Detection
                0x000000000800e0d4       0x84 Drivers/BSP/Components/LSM6DSM_ACC_GYRO_driver_HL.o
 .text.LSM6DSM_X_Disable_Wake_Up_Detection
                0x000000000800e158       0x5a Drivers/BSP/Components/LSM6DSM_ACC_GYRO_driver_HL.o
 .text.LSM6DSM_X_Get_Wake_Up_Detection_Status
                0x000000000800e1b2       0x48 Drivers/BSP/Components/LSM6DSM_ACC_GYRO_driver_HL.o
 .text.LSM6DSM_X_Set_Wake_Up_Threshold
                0x000000000800e1fa       0x2a Drivers/BSP/Components/LSM6DSM_ACC_GYRO_driver_HL.o
 .text.LSM6DSM_X_Enable_Single_Tap_Detection
                0x000000000800e224       0xcc Drivers/BSP/Components/LSM6DSM_ACC_GYRO_driver_HL.o
 .text.LSM6DSM_X_Disable_Single_Tap_Detection
                0x000000000800e2f0       0xa2 Drivers/BSP/Components/LSM6DSM_ACC_GYRO_driver_HL.o
 .text.LSM6DSM_X_Get_Single_Tap_Detection_Status
                0x000000000800e392       0x48 Drivers/BSP/Components/LSM6DSM_ACC_GYRO_driver_HL.o
 *fill*         0x000000000800e3da        0x2 
 .text.LSM6DSM_X_Enable_Double_Tap_Detection
                0x000000000800e3dc       0xf0 Drivers/BSP/Components/LSM6DSM_ACC_GYRO_driver_HL.o
 .text.LSM6DSM_X_Disable_Double_Tap_Detection
                0x000000000800e4cc       0xc6 Drivers/BSP/Components/LSM6DSM_ACC_GYRO_driver_HL.o
 .text.LSM6DSM_X_Get_Double_Tap_Detection_Status
                0x000000000800e592       0x48 Drivers/BSP/Components/LSM6DSM_ACC_GYRO_driver_HL.o
 .text.LSM6DSM_X_Set_Tap_Threshold
                0x000000000800e5da       0x2a Drivers/BSP/Components/LSM6DSM_ACC_GYRO_driver_HL.o
 .text.LSM6DSM_X_Set_Tap_Shock_Time
                0x000000000800e604       0x2a Drivers/BSP/Components/LSM6DSM_ACC_GYRO_driver_HL.o
 .text.LSM6DSM_X_Set_Tap_Quiet_Time
                0x000000000800e62e       0x2a Drivers/BSP/Components/LSM6DSM_ACC_GYRO_driver_HL.o
 .text.LSM6DSM_X_Set_Tap_Duration_Time
                0x000000000800e658       0x2a Drivers/BSP/Components/LSM6DSM_ACC_GYRO_driver_HL.o
 *fill*         0x000000000800e682        0x2 
 .text.LSM6DSM_X_Enable_6D_Orientation
                0x000000000800e684       0x74 Drivers/BSP/Components/LSM6DSM_ACC_GYRO_driver_HL.o
 .text.LSM6DSM_X_Disable_6D_Orientation
                0x000000000800e6f8       0x48 Drivers/BSP/Components/LSM6DSM_ACC_GYRO_driver_HL.o
 .text.LSM6DSM_X_Get_6D_Orientation_Status
                0x000000000800e740       0x48 Drivers/BSP/Components/LSM6DSM_ACC_GYRO_driver_HL.o
 .text.LSM6DSM_X_Get_6D_Orientation_XL
                0x000000000800e788       0x48 Drivers/BSP/Components/LSM6DSM_ACC_GYRO_driver_HL.o
 .text.LSM6DSM_X_Get_6D_Orientation_XH
                0x000000000800e7d0       0x48 Drivers/BSP/Components/LSM6DSM_ACC_GYRO_driver_HL.o
 .text.LSM6DSM_X_Get_6D_Orientation_YL
                0x000000000800e818       0x48 Drivers/BSP/Components/LSM6DSM_ACC_GYRO_driver_HL.o
 .text.LSM6DSM_X_Get_6D_Orientation_YH
                0x000000000800e860       0x48 Drivers/BSP/Components/LSM6DSM_ACC_GYRO_driver_HL.o
 .text.LSM6DSM_X_Get_6D_Orientation_ZL
                0x000000000800e8a8       0x48 Drivers/BSP/Components/LSM6DSM_ACC_GYRO_driver_HL.o
 .text.LSM6DSM_X_Get_6D_Orientation_ZH
                0x000000000800e8f0       0x48 Drivers/BSP/Components/LSM6DSM_ACC_GYRO_driver_HL.o
 .text.LSM6DSM_X_Read_Reg
                0x000000000800e938       0x2e Drivers/BSP/Components/LSM6DSM_ACC_GYRO_driver_HL.o
 .text.LSM6DSM_X_Write_Reg
                0x000000000800e966       0x30 Drivers/BSP/Components/LSM6DSM_ACC_GYRO_driver_HL.o
 .text.LSM6DSM_X_Get_DRDY_Status
                0x000000000800e996       0x48 Drivers/BSP/Components/LSM6DSM_ACC_GYRO_driver_HL.o
 .text.LSM6DSM_G_Read_Reg
                0x000000000800e9de       0x2e Drivers/BSP/Components/LSM6DSM_ACC_GYRO_driver_HL.o
 .text.LSM6DSM_G_Write_Reg
                0x000000000800ea0c       0x30 Drivers/BSP/Components/LSM6DSM_ACC_GYRO_driver_HL.o
 .text.LSM6DSM_G_Get_DRDY_Status
                0x000000000800ea3c       0x48 Drivers/BSP/Components/LSM6DSM_ACC_GYRO_driver_HL.o
 .text.STC3115_Init
                0x000000000800ea84      0x254 Drivers/BSP/Components/STC3115_Driver.o
 .text.STC3115_DeInit
                0x000000000800ecd8       0x1c Drivers/BSP/Components/STC3115_Driver.o
 .text.STC3115_Get_WhoAmI
                0x000000000800ecf4       0x2a Drivers/BSP/Components/STC3115_Driver.o
 *fill*         0x000000000800ed1e        0x2 
 .text.STC3115_Task
                0x000000000800ed20      0x2a8 Drivers/BSP/Components/STC3115_Driver.o
 .text.STC3115_Reset
                0x000000000800efc8       0x52 Drivers/BSP/Components/STC3115_Driver.o
 .text.STC3115_Stop
                0x000000000800f01a       0x4e Drivers/BSP/Components/STC3115_Driver.o
 .text.STC3115_GetSOC
                0x000000000800f068       0x38 Drivers/BSP/Components/STC3115_Driver.o
 .text.STC3115_GetOCV
                0x000000000800f0a0       0x26 Drivers/BSP/Components/STC3115_Driver.o
 .text.STC3115_GetCurrent
                0x000000000800f0c6       0x24 Drivers/BSP/Components/STC3115_Driver.o
 .text.STC3115_GetTemperature
                0x000000000800f0ea       0x24 Drivers/BSP/Components/STC3115_Driver.o
 .text.STC3115_GetVoltage
                0x000000000800f10e       0x26 Drivers/BSP/Components/STC3115_Driver.o
 .text.STC3115_GetChargeValue
                0x000000000800f134       0x26 Drivers/BSP/Components/STC3115_Driver.o
 .text.STC3115_GetPresence
                0x000000000800f15a       0x26 Drivers/BSP/Components/STC3115_Driver.o
 .text.STC3115_GetAlarmStatus
                0x000000000800f180       0x2a Drivers/BSP/Components/STC3115_Driver.o
 .text.STC3115_Status
                0x000000000800f1aa       0x52 Drivers/BSP/Components/STC3115_Driver.o
 .text.STC3115_CalcRamCRC8
                0x000000000800f1fc       0x6c Drivers/BSP/Components/STC3115_Driver.o
 .text.STC3115_UpdateRamCRC
                0x000000000800f268       0x30 Drivers/BSP/Components/STC3115_Driver.o
 .text.STC3115_InitRamData
                0x000000000800f298       0x5a Drivers/BSP/Components/STC3115_Driver.o
 .text.STC3115_WriteRamData
                0x000000000800f2f2       0x2c Drivers/BSP/Components/STC3115_Driver.o
 .text.STC3115_ReadRamData
                0x000000000800f31e       0x2c Drivers/BSP/Components/STC3115_Driver.o
 .text.STC3115_ReadBatteryData
                0x000000000800f34a      0x156 Drivers/BSP/Components/STC3115_Driver.o
 .text.STC3115_Restore
                0x000000000800f4a0       0x60 Drivers/BSP/Components/STC3115_Driver.o
 .text.STC3115_Powerdown
                0x000000000800f500       0x42 Drivers/BSP/Components/STC3115_Driver.o
 .text.STC3115_conv
                0x000000000800f542       0x38 Drivers/BSP/Components/STC3115_Driver.o
 .text.STC3115_Startup
                0x000000000800f57a       0x48 Drivers/BSP/Components/STC3115_Driver.o
 .text.STC3115_Read
                0x000000000800f5c2       0x36 Drivers/BSP/Components/STC3115_Driver.o
 .text.STC3115_Write
                0x000000000800f5f8       0x36 Drivers/BSP/Components/STC3115_Driver.o
 .text.STC3115_ReadWord
                0x000000000800f62e       0x3a Drivers/BSP/Components/STC3115_Driver.o
 .text.STC3115_WriteWord
                0x000000000800f668       0x38 Drivers/BSP/Components/STC3115_Driver.o
 .text.STC3115_SetParam
                0x000000000800f6a0      0x128 Drivers/BSP/Components/STC3115_Driver.o
 .text.BSP_LED_Init
                0x000000000800f7c8       0xa0 Drivers/BSP/SensorTile/SensorTile.o
                0x000000000800f7c8                BSP_LED_Init
 .text.BSP_LED_On
                0x000000000800f868       0x5c Drivers/BSP/SensorTile/SensorTile.o
                0x000000000800f868                BSP_LED_On
 .text.BSP_LED_Off
                0x000000000800f8c4       0x5c Drivers/BSP/SensorTile/SensorTile.o
                0x000000000800f8c4                BSP_LED_Off
 .text.Sensor_IO_I2C_Init
                0x000000000800f920       0x18 Drivers/BSP/SensorTile/SensorTile.o
                0x000000000800f920                Sensor_IO_I2C_Init
 .text.Sensor_IO_SPI_Init
                0x000000000800f938      0x118 Drivers/BSP/SensorTile/SensorTile.o
                0x000000000800f938                Sensor_IO_SPI_Init
 .text.Sensor_IO_SPI_CS_Init_All
                0x000000000800fa50      0x124 Drivers/BSP/SensorTile/SensorTile.o
                0x000000000800fa50                Sensor_IO_SPI_CS_Init_All
 .text.Sensor_IO_SPI_CS_Init
                0x000000000800fb74      0x12c Drivers/BSP/SensorTile/SensorTile.o
                0x000000000800fb74                Sensor_IO_SPI_CS_Init
 .text.Sensor_IO_Write
                0x000000000800fca0       0x84 Drivers/BSP/SensorTile/SensorTile.o
                0x000000000800fca0                Sensor_IO_Write
 .text.Sensor_IO_I2C_Write
                0x000000000800fd24       0x30 Drivers/BSP/SensorTile/SensorTile.o
                0x000000000800fd24                Sensor_IO_I2C_Write
 .text.Sensor_IO_Read
                0x000000000800fd54       0x84 Drivers/BSP/SensorTile/SensorTile.o
                0x000000000800fd54                Sensor_IO_Read
 .text.Sensor_IO_I2C_Read
                0x000000000800fdd8       0x30 Drivers/BSP/SensorTile/SensorTile.o
                0x000000000800fdd8                Sensor_IO_I2C_Read
 .text.Sensor_IO_SPI_Write
                0x000000000800fe08       0x60 Drivers/BSP/SensorTile/SensorTile.o
                0x000000000800fe08                Sensor_IO_SPI_Write
 .text.Sensor_IO_SPI_Read
                0x000000000800fe68       0x9c Drivers/BSP/SensorTile/SensorTile.o
                0x000000000800fe68                Sensor_IO_SPI_Read
 .text.Sensor_IO_SPI_CS_Enable
                0x000000000800ff04       0x74 Drivers/BSP/SensorTile/SensorTile.o
                0x000000000800ff04                Sensor_IO_SPI_CS_Enable
 .text.Sensor_IO_SPI_CS_Disable
                0x000000000800ff78       0x74 Drivers/BSP/SensorTile/SensorTile.o
                0x000000000800ff78                Sensor_IO_SPI_CS_Disable
 .text.LSM6DSM_Sensor_IO_ITConfig
                0x000000000800ffec       0x5c Drivers/BSP/SensorTile/SensorTile.o
                0x000000000800ffec                LSM6DSM_Sensor_IO_ITConfig
 .text.SPI_Read
                0x0000000008010048       0x70 Drivers/BSP/SensorTile/SensorTile.o
                0x0000000008010048                SPI_Read
 .text.SPI_Read_nBytes
                0x00000000080100b8       0xa4 Drivers/BSP/SensorTile/SensorTile.o
                0x00000000080100b8                SPI_Read_nBytes
 .text.SPI_Write
                0x000000000801015c       0x52 Drivers/BSP/SensorTile/SensorTile.o
                0x000000000801015c                SPI_Write
 *fill*         0x00000000080101ae        0x2 
 .text.I2C_SENSORTILE_Init
                0x00000000080101b0       0x54 Drivers/BSP/SensorTile/SensorTile.o
 .text.I2C_SENSORTILE_WriteData
                0x0000000008010204       0x60 Drivers/BSP/SensorTile/SensorTile.o
 .text.I2C_SENSORTILE_ReadData
                0x0000000008010264       0x60 Drivers/BSP/SensorTile/SensorTile.o
 .text.I2C_SENSORTILE_Error
                0x00000000080102c4       0x20 Drivers/BSP/SensorTile/SensorTile.o
 .text.I2C_SENSORTILE_MspInit
                0x00000000080102e4       0xc0 Drivers/BSP/SensorTile/SensorTile.o
 .text.SD_IO_SPI_MspInit
                0x00000000080103a4       0xc0 Drivers/BSP/SensorTile/SensorTile.o
 .text.SD_IO_SPI_Init_LS
                0x0000000008010464       0x78 Drivers/BSP/SensorTile/SensorTile.o
 .text.SD_IO_SPI_Init
                0x00000000080104dc       0x78 Drivers/BSP/SensorTile/SensorTile.o
 .text.SD_IO_SPI_Read
                0x0000000008010554       0x48 Drivers/BSP/SensorTile/SensorTile.o
 .text.SD_IO_SPI_Write
                0x000000000801059c       0x3c Drivers/BSP/SensorTile/SensorTile.o
 .text.SD_IO_SPI_Error
                0x00000000080105d8       0x18 Drivers/BSP/SensorTile/SensorTile.o
 .text.SD_IO_Init
                0x00000000080105f0       0x40 Drivers/BSP/SensorTile/SensorTile.o
                0x00000000080105f0                SD_IO_Init
 .text.SD_IO_Init_LS
                0x0000000008010630       0x40 Drivers/BSP/SensorTile/SensorTile.o
                0x0000000008010630                SD_IO_Init_LS
 .text.SD_IO_CS_Init